 zlibwapi

 Timestamp is 4bfd7ea4 (Wed May 26 21:03:48 2010)

 Preferred load address is 10000000

 Start         Length     Name                   Class
 0001:00000000 0003c299H .textbss                DATA
 0002:00000000 0007bc2bH .text                   CODE
 0002:0007bc30 00001161H .text$x                 CODE
 0003:00000000 00000104H .CRT$XCA                DATA
 0003:00000104 00000104H .CRT$XCZ                DATA
 0003:00000208 00000104H .CRT$XIA                DATA
 0003:0000030c 00000113H .CRT$XIC                DATA
 0003:00000420 00000104H .CRT$XIZ                DATA
 0003:00000524 00000104H .CRT$XPA                DATA
 0003:00000628 00000109H .CRT$XPX                DATA
 0003:00000734 00000104H .CRT$XPXA               DATA
 0003:00000838 00000104H .CRT$XPZ                DATA
 0003:0000093c 00000104H .CRT$XTA                DATA
 0003:00000a40 00000104H .CRT$XTZ                DATA
 0003:00000b50 00014f1cH .rdata                  DATA
 0003:00015a6c 00000178H .rdata$debug            DATA
 0003:00015be4 0000032fH .rdata$r                DATA
 0003:00015f14 00000104H .rtc$IAA                DATA
 0003:00016018 00000104H .rtc$IZZ                DATA
 0003:0001611c 00000104H .rtc$TAA                DATA
 0003:00016220 00000104H .rtc$TZZ                DATA
 0003:00016328 000011d2H .xdata$x                DATA
 0003:00017500 00000eefH .edata                  DATA
 0004:00000000 000016e5H .data                   DATA
 0004:00001700 0000233cH .bss                    DATA
 0005:00000000 00000014H .idata$2                DATA
 0005:00000014 00000014H .idata$3                DATA
 0005:00000028 000001fcH .idata$4                DATA
 0005:00000224 000001fcH .idata$5                DATA
 0005:00000420 000008acH .idata$6                DATA
 0006:00000000 00000169H .rsrc$01                DATA
 0006:00000170 000004d3H .rsrc$02                DATA

  Address         Publics by Value              Rva+Base       Lib:Object

 0000:00000000       __except_list              00000000     <absolute>
 0000:00000000       ___safe_se_handler_table   00000000     <absolute>
 0000:00000000       ___safe_se_handler_count   00000000     <absolute>
 0000:00000000       ___ImageBase               10000000     <linker-defined>
 0001:00000000       __enc$textbss$begin        10001000     <linker-defined>
 0001:0003c299       __enc$textbss$end          1003d299     <linker-defined>
 0002:00002e84       _longest_match             10040e84 f   match686.obj
 0002:0000306c       _match_init                1004106c f   match686.obj
 0002:000030f0       _inflate_fast              100410f0     inffas32.obj
 0002:00003a80       _adler32@12                10041a80 f   adler32.obj
 0002:00004030       _adler32_combine@12        10042030 f   adler32.obj
 0002:00004170       _adler32_combine64@12      10042170 f   adler32.obj
 0002:000041a0       _compress2@20              100421a0 f   compress.obj
 0002:000042a0       _compress@16               100422a0 f   compress.obj
 0002:000042e0       _compressBound@4           100422e0 f   compress.obj
 0002:00004320       _get_crc_table@0           10042320 f   crc32.obj
 0002:00004340       _crc32@12                  10042340 f   crc32.obj
 0002:00005040       _crc32_combine@12          10043040 f   crc32.obj
 0002:00005290       _crc32_combine64@12        10043290 f   crc32.obj
 0002:000052c0       _deflateInit_@16           100432c0 f   deflate.obj
 0002:00005300       _deflateInit2_@32          10043300 f   deflate.obj
 0002:00005710       _deflateSetDictionary@12   10043710 f   deflate.obj
 0002:00005950       _deflateReset@4            10043950 f   deflate.obj
 0002:00005aa0       _deflateSetHeader@8        10043aa0 f   deflate.obj
 0002:00005b00       _deflatePrime@12           10043b00 f   deflate.obj
 0002:00005b70       _deflateParams@12          10043b70 f   deflate.obj
 0002:00005cf0       _deflateTune@20            10043cf0 f   deflate.obj
 0002:00005d70       _deflateBound@8            10043d70 f   deflate.obj
 0002:00005f50       _deflate@8                 10043f50 f   deflate.obj
 0002:00007320       _deflateEnd@4              10045320 f   deflate.obj
 0002:000074b0       _deflateCopy@8             100454b0 f   deflate.obj
 0002:00009890       _gzclose@4                 10047890 f   gzclose.obj
 0002:000098f0       _gzopen@8                  100478f0 f   gzlib.obj
 0002:00009d70       _gzopen64@8                10047d70 f   gzlib.obj
 0002:00009da0       _gzdopen@8                 10047da0 f   gzlib.obj
 0002:00009e30       _gzbuffer@8                10047e30 f   gzlib.obj
 0002:00009eb0       _gzrewind@4                10047eb0 f   gzlib.obj
 0002:00009f40       _gzseek64@12               10047f40 f   gzlib.obj
 0002:0000a1f0       _gzseek@12                 100481f0 f   gzlib.obj
 0002:0000a240       _gztell64@4                10048240 f   gzlib.obj
 0002:0000a2c0       _gztell@4                  100482c0 f   gzlib.obj
 0002:0000a310       _gzoffset64@4              10048310 f   gzlib.obj
 0002:0000a3b0       _gzoffset@4                100483b0 f   gzlib.obj
 0002:0000a400       _gzeof@4                   10048400 f   gzlib.obj
 0002:0000a4b0       _gzerror@8                 100484b0 f   gzlib.obj
 0002:0000a540       _gzclearerr@4              10048540 f   gzlib.obj
 0002:0000a5c0       _gz_error                  100485c0 f   gzlib.obj
 0002:0000a6f0       _gzread@12                 100486f0 f   gzread.obj
 0002:0000bd30       _gzgetc@4                  10049d30 f   gzread.obj
 0002:0000be10       _gzungetc@8                10049e10 f   gzread.obj
 0002:0000c010       _gzgets@12                 1004a010 f   gzread.obj
 0002:0000c210       _gzdirect@4                1004a210 f   gzread.obj
 0002:0000c280       _gzclose_r@4               1004a280 f   gzread.obj
 0002:0000c360       _gzwrite@12                1004a360 f   gzwrite.obj
 0002:0000ca30       _gzputc@8                  1004aa30 f   gzwrite.obj
 0002:0000cb60       _gzputs@8                  1004ab60 f   gzwrite.obj
 0002:0000cbd0       _gzprintf                  1004abd0 f   gzwrite.obj
 0002:0000cd70       _gzflush@8                 1004ad70 f   gzwrite.obj
 0002:0000ce30       _gzsetparams@12            1004ae30 f   gzwrite.obj
 0002:0000cf60       _gzclose_w@4               1004af60 f   gzwrite.obj
 0002:0000d0a0       _inflateBackInit_@20       1004b0a0 f   infback.obj
 0002:0000d1f0       _inflateBack@20            1004b1f0 f   infback.obj
 0002:0000eb50       _inflateBackEnd@4          1004cb50 f   infback.obj
 0002:0000ebc0       _inflateReset@4            1004cbc0 f   inflate.obj
 0002:0000ed10       _inflateReset2@8           1004cd10 f   inflate.obj
 0002:0000ee20       _inflateInit2_@16          1004ce20 f   inflate.obj
 0002:0000ef60       _inflateInit_@12           1004cf60 f   inflate.obj
 0002:0000ef90       _inflatePrime@12           1004cf90 f   inflate.obj
 0002:0000f060       _inflate@8                 1004d060 f   inflate.obj
 0002:00011b90       _inflateEnd@4              1004fb90 f   inflate.obj
 0002:00011c40       _inflateSetDictionary@12   1004fc40 f   inflate.obj
 0002:00011db0       _inflateGetHeader@8        1004fdb0 f   inflate.obj
 0002:00011e20       _inflateSync@4             1004fe20 f   inflate.obj
 0002:000120d0       _inflateSyncPoint@4        100500d0 f   inflate.obj
 0002:00012140       _inflateCopy@8             10050140 f   inflate.obj
 0002:00012380       _inflateUndermine@8        10050380 f   inflate.obj
 0002:000123f0       _inflateMark@4             100503f0 f   inflate.obj
 0002:00012490       _inflate_table             10050490 f   inftrees.obj
 0002:00012c50       _call_zopen64              10050c50 f   ioapi.obj
 0002:00012cc0       _call_zseek64              10050cc0 f   ioapi.obj
 0002:00012d70       _call_ztell64              10050d70 f   ioapi.obj
 0002:00012df0       _fill_zlib_filefunc64_32_def_from_filefunc32 10050df0 f   ioapi.obj
 0002:00012eb0       _fill_fopen_filefunc       10050eb0 f   ioapi.obj
 0002:00013180       _fill_fopen64_filefunc     10051180 f   ioapi.obj
 0002:00013380       _win32_open64_file_func    10051380 f   iowin32.obj
 0002:00013550       _win32_open64_file_funcA   10051550 f   iowin32.obj
 0002:000135e0       _win32_open64_file_funcW   100515e0 f   iowin32.obj
 0002:00013670       _win32_open_file_func      10051670 f   iowin32.obj
 0002:00013700       _win32_read_file_func      10051700 f   iowin32.obj
 0002:00013790       _win32_write_file_func     10051790 f   iowin32.obj
 0002:00013820       _win32_tell_file_func      10051820 f   iowin32.obj
 0002:000138b0       _win32_tell64_file_func    100518b0 f   iowin32.obj
 0002:00013980       _win32_seek_file_func      10051980 f   iowin32.obj
 0002:00013a70       _win32_seek64_file_func    10051a70 f   iowin32.obj
 0002:00013b70       _win32_close_file_func     10051b70 f   iowin32.obj
 0002:00013bd0       _win32_error_file_func     10051bd0 f   iowin32.obj
 0002:00013c10       _fill_win32_filefunc       10051c10 f   iowin32.obj
 0002:00013c90       _fill_win32_filefunc64     10051c90 f   iowin32.obj
 0002:00013d10       _fill_win32_filefunc64A    10051d10 f   iowin32.obj
 0002:00013d90       _fill_win32_filefunc64W    10051d90 f   iowin32.obj
 0002:00013e10       __tr_init                  10051e10 f   trees.obj
 0002:00014010       __tr_stored_block          10052010 f   trees.obj
 0002:000141a0       __tr_align                 100521a0 f   trees.obj
 0002:000147a0       __tr_flush_block           100527a0 f   trees.obj
 0002:00016e20       __tr_tally                 10054e20 f   trees.obj
 0002:00017e90       _uncompress@16             10055e90 f   uncompr.obj
 0002:00017f90       _unzStringFileNameCompare@12 10055f90 f   unzip.obj
 0002:000180e0       _unzOpen2@8                100560e0 f   unzip.obj
 0002:000194e0       _unzOpen2_64@8             100574e0 f   unzip.obj
 0002:00019550       _unzOpen@4                 10057550 f   unzip.obj
 0002:00019580       _unzOpen64@4               10057580 f   unzip.obj
 0002:000195b0       _unzClose@4                100575b0 f   unzip.obj
 0002:00019630       _unzGetGlobalInfo64@8      10057630 f   unzip.obj
 0002:00019690       _unzGetGlobalInfo@8        10057690 f   unzip.obj
 0002:000196e0       _unzGetCurrentFileInfo64@32 100576e0 f   unzip.obj
 0002:0001a0f0       _unzGetCurrentFileInfo@32  100580f0 f   unzip.obj
 0002:0001a230       _unzGoToFirstFile@4        10058230 f   unzip.obj
 0002:0001a2f0       _unzGoToNextFile@4         100582f0 f   unzip.obj
 0002:0001a470       _unzLocateFile@12          10058470 f   unzip.obj
 0002:0001a630       _unzGetFilePos64@8         10058630 f   unzip.obj
 0002:0001a6c0       _unzGetFilePos@8           100586c0 f   unzip.obj
 0002:0001a710       _unzGoToFilePos64@8        10058710 f   unzip.obj
 0002:0001a7d0       _unzGoToFilePos@8          100587d0 f   unzip.obj
 0002:0001a830       _unzOpenCurrentFile3@20    10058830 f   unzip.obj
 0002:0001b0b0       _unzOpenCurrentFile@4      100590b0 f   unzip.obj
 0002:0001b0e0       _unzOpenCurrentFilePassword@8 100590e0 f   unzip.obj
 0002:0001b110       _unzOpenCurrentFile2@16    10059110 f   unzip.obj
 0002:0001b150       _unzGetCurrentFileZStreamPos64@4 10059150 f   unzip.obj
 0002:0001b1c0       _unzReadCurrentFile@12     100591c0 f   unzip.obj
 0002:0001b7f0       _unztell@4                 100597f0 f   unzip.obj
 0002:0001b850       _unztell64@4               10059850 f   unzip.obj
 0002:0001b8b0       _unzeof@4                  100598b0 f   unzip.obj
 0002:0001b930       _unzGetLocalExtrafield@12  10059930 f   unzip.obj
 0002:0001ba90       _unzCloseCurrentFile@4     10059a90 f   unzip.obj
 0002:0001bbb0       _unzGetGlobalComment@12    10059bb0 f   unzip.obj
 0002:0001bcb0       _unzGetOffset64@4          10059cb0 f   unzip.obj
 0002:0001bd80       _unzGetOffset@4            10059d80 f   unzip.obj
 0002:0001bdc0       _unzSetOffset64@12         10059dc0 f   unzip.obj
 0002:0001be70       _unzSetOffset@8            10059e70 f   unzip.obj
 0002:0001bea0       _LoadCentralDirectoryRecord 10059ea0 f   zip.obj
 0002:0001d460       _zipOpen3@16               1005b460 f   zip.obj
 0002:0001d6e0       _zipOpen2@16               1005b6e0 f   zip.obj
 0002:0001d750       _zipOpen2_64@16            1005b750 f   zip.obj
 0002:0001d7d0       _zipOpen@8                 1005b7d0 f   zip.obj
 0002:0001d800       _zipOpen64@8               1005b800 f   zip.obj
 0002:0001d830       _Write_LocalFileHeader     1005b830 f   zip.obj
 0002:0001dd80       _zipOpenNewFileInZip4_64@76 1005bd80 f   zip.obj
 0002:0001ec00       _zipOpenNewFileInZip4@72   1005cc00 f   zip.obj
 0002:0001ec80       _zipOpenNewFileInZip3@64   1005cc80 f   zip.obj
 0002:0001ed00       _zipOpenNewFileInZip3_64@68 1005cd00 f   zip.obj
 0002:0001ed80       _zipOpenNewFileInZip2@44   1005cd80 f   zip.obj
 0002:0001edf0       _zipOpenNewFileInZip2_64@48 1005cdf0 f   zip.obj
 0002:0001ee60       _zipOpenNewFileInZip64@44  1005ce60 f   zip.obj
 0002:0001eed0       _zipOpenNewFileInZip@40    1005ced0 f   zip.obj
 0002:0001ef40       _zipWriteInFileInZip@12    1005cf40 f   zip.obj
 0002:0001f360       _zipCloseFileInZipRaw@12   1005d360 f   zip.obj
 0002:0001f390       _zipCloseFileInZipRaw64@16 1005d390 f   zip.obj
 0002:0001fc40       _zipCloseFileInZip@4       1005dc40 f   zip.obj
 0002:0001fc70       _Write_Zip64EndOfCentralDirectoryLocator 1005dc70 f   zip.obj
 0002:0001fd60       _Write_Zip64EndOfCentralDirectoryRecord 1005dd60 f   zip.obj
 0002:0001ff80       _Write_EndOfCentralDirectoryRecord 1005df80 f   zip.obj
 0002:00020200       _Write_GlobalComment       1005e200 f   zip.obj
 0002:000202c0       _zipClose@8                1005e2c0 f   zip.obj
 0002:000205d0       _zipRemoveExtraInfoBlock@12 1005e5d0 f   zip.obj
 0002:00020750       _zlibVersion@0             1005e750 f   zutil.obj
 0002:00020770       _zlibCompileFlags@0        1005e770 f   zutil.obj
 0002:000208e0       _zError@4                  1005e8e0 f   zutil.obj
 0002:00020910       _zcalloc                   1005e910 f   zutil.obj
 0002:00020950       _zcfree                    1005e950 f   zutil.obj
 0002:00020974       _CreateFileA@28            1005e974 f   kernel32:KERNEL32.dll
 0002:0002097a       _CloseHandle@4             1005e97a f   kernel32:KERNEL32.dll
 0002:00020980       _CreateFileW@28            1005e980 f   kernel32:KERNEL32.dll
 0002:00020986       _GetLastError@0            1005e986 f   kernel32:KERNEL32.dll
 0002:0002098c       _ReadFile@20               1005e98c f   kernel32:KERNEL32.dll
 0002:00020992       _WriteFile@20              1005e992 f   kernel32:KERNEL32.dll
 0002:00020998       _SetFilePointer@16         1005e998 f   kernel32:KERNEL32.dll
 0002:000209a0       _memcpy                    1005e9a0 f   LIBCMTD:memcpy.obj
 0002:00020de0       _memset                    1005ede0 f   LIBCMTD:memset.obj
 0002:00020e80       _strcpy                    1005ee80 f   LIBCMTD:strcat.obj
 0002:00020e90       _strcat                    1005ee90 f   LIBCMTD:strcat.obj
 0002:00020fc0       _strlen                    1005efc0 f   LIBCMTD:strlen.obj
 0002:00021070       _free                      1005f070 f   LIBCMTD:dbgfree.obj
 0002:00021090       _malloc                    1005f090 f   LIBCMTD:dbgmalloc.obj
 0002:000210d0       _sprintf                   1005f0d0 f   LIBCMTD:sprintf.obj
 0002:000212b0       __sprintf_l                1005f2b0 f   LIBCMTD:sprintf.obj
 0002:000212f0       _sprintf_s                 1005f2f0 f   LIBCMTD:sprintf.obj
 0002:00021330       __sprintf_s_l              1005f330 f   LIBCMTD:sprintf.obj
 0002:00021370       __snprintf_s               1005f370 f   LIBCMTD:sprintf.obj
 0002:000213b0       __snprintf_s_l             1005f3b0 f   LIBCMTD:sprintf.obj
 0002:000213f0       __sprintf_p                1005f3f0 f   LIBCMTD:sprintf.obj
 0002:00021430       __sprintf_p_l              1005f430 f   LIBCMTD:sprintf.obj
 0002:00021470       __scprintf                 1005f470 f   LIBCMTD:sprintf.obj
 0002:000214a0       __scprintf_p               1005f4a0 f   LIBCMTD:sprintf.obj
 0002:000214d0       __scprintf_l               1005f4d0 f   LIBCMTD:sprintf.obj
 0002:00021500       __scprintf_p_l             1005f500 f   LIBCMTD:sprintf.obj
 0002:00021530       _strerror                  1005f530 f   LIBCMTD:strerror.obj
 0002:00021600       __invoke_watson_if_error   1005f600 f i LIBCMTD:strerror.obj
 0002:00021640       __get_sys_err_msg          1005f640 f i LIBCMTD:strerror.obj
 0002:00021690       _strerror_s                1005f690 f   LIBCMTD:strerror.obj
 0002:00021800       __dosmaperr                1005f800 f   LIBCMTD:dosmap.obj
 0002:00021840       __get_errno_from_oserr     1005f840 f   LIBCMTD:dosmap.obj
 0002:000218e0       __set_errno                1005f8e0 f   LIBCMTD:dosmap.obj
 0002:00021920       __get_errno                1005f920 f   LIBCMTD:dosmap.obj
 0002:000219c0       __set_doserrno             1005f9c0 f   LIBCMTD:dosmap.obj
 0002:00021a00       __get_doserrno             1005fa00 f   LIBCMTD:dosmap.obj
 0002:00021aa0       __errno                    1005faa0 f   LIBCMTD:dosmap.obj
 0002:00021ad0       ___doserrno                1005fad0 f   LIBCMTD:dosmap.obj
 0002:00021b00       _memchr                    1005fb00 f   LIBCMTD:memchr.obj
 0002:00021be0       __vsnprintf_l              1005fbe0 f   LIBCMTD:vsnprint.obj
 0002:00021df0       __vsnprintf                1005fdf0 f   LIBCMTD:vsnprint.obj
 0002:00021e20       __fsopen                   1005fe20 f   LIBCMTD:fopen.obj
 0002:000220b0       _fopen                     100600b0 f   LIBCMTD:fopen.obj
 0002:000220d0       _fopen_s                   100600d0 f   LIBCMTD:fopen.obj
 0002:000221a0       _fread_s                   100601a0 f   LIBCMTD:fread.obj
 0002:00022320       __fread_nolock_s           10060320 f   LIBCMTD:fread.obj
 0002:00022a70       _fread                     10060a70 f   LIBCMTD:fread.obj
 0002:00022aa0       __fread_nolock             10060aa0 f   LIBCMTD:fread.obj
 0002:00022ad0       _fwrite                    10060ad0 f   LIBCMTD:fwrite.obj
 0002:00022c20       __fwrite_nolock            10060c20 f   LIBCMTD:fwrite.obj
 0002:000230e0       _ftell                     100610e0 f   LIBCMTD:ftell.obj
 0002:00023200       __ftell_nolock             10061200 f   LIBCMTD:ftell.obj
 0002:00023580       _fseek                     10061580 f   LIBCMTD:fseek.obj
 0002:00023750       __fseek_nolock             10061750 f   LIBCMTD:fseek.obj
 0002:00023870       _fclose                    10061870 f   LIBCMTD:fclose.obj
 0002:000239c0       __fclose_nolock            100619c0 f   LIBCMTD:fclose.obj
 0002:00023b00       _feof                      10061b00 f   LIBCMTD:feoferr.obj
 0002:00023b90       _ferror                    10061b90 f   LIBCMTD:feoferr.obj
 0002:00023c20       __ftelli64                 10061c20 f   LIBCMTD:ftelli64.obj
 0002:00023d00       __ftelli64_nolock          10061d00 f   LIBCMTD:ftelli64.obj
 0002:00024400       __fseeki64                 10062400 f   LIBCMTD:fseeki64.obj
 0002:000244f0       __fseeki64_nolock          100624f0 f   LIBCMTD:fseeki64.obj
 0002:00024680       _strcmp                    10062680 f   LIBCMTD:strcmp.obj
 0002:00024730       __allshl                   10062730 f   LIBCMTD:llshl.obj
 0002:00024760       __allmul                   10062760 f   LIBCMTD:llmul.obj
 0002:000247b0       __aulldiv                  100627b0 f   LIBCMTD:ulldiv.obj
 0002:00024840       __aullshr                  10062840 f   LIBCMTD:ullshr.obj
 0002:00024870       __alloca_probe             10062870     LIBCMTD:chkstk.obj
 0002:00024870       __chkstk                   10062870 f   LIBCMTD:chkstk.obj
 0002:000248b0       _srand                     100628b0 f   LIBCMTD:rand.obj
 0002:000248d0       _rand                      100628d0 f   LIBCMTD:rand.obj
 0002:00024920       __time64                   10062920 f   LIBCMTD:time64.obj
 0002:000249c0       __CRT_INIT@12              100629c0 f   LIBCMTD:dllcrt0.obj
 0002:00024c00       __DllMainCRTStartup@12     10062c00 f   LIBCMTD:dllcrt0.obj
 0002:00024e60       __VEC_memcpy               10062e60 f   LIBCMTD:p4_memcpy.obj
 0002:00025030       __get_sse2_info            10063030 f   LIBCMTD:cpu_disp.obj
 0002:000251a0       ___sse2_available_init     100631a0 f   LIBCMTD:cpu_disp.obj
 0002:000251c0       __VEC_memzero              100631c0 f   LIBCMTD:p4_memset.obj
 0002:000252f0       __malloc_dbg               100632f0 f   LIBCMTD:dbgheap.obj
 0002:00025330       __nh_malloc                10063330 f   LIBCMTD:dbgheap.obj
 0002:00025360       __nh_malloc_dbg            10063360 f   LIBCMTD:dbgheap.obj
 0002:00025450       __heap_alloc               10063450 f   LIBCMTD:dbgheap.obj
 0002:00025910       __heap_alloc_dbg           10063910 f   LIBCMTD:dbgheap.obj
 0002:00025980       __calloc_dbg_impl          10063980 f   LIBCMTD:dbgheap.obj
 0002:00025a80       __calloc_dbg               10063a80 f   LIBCMTD:dbgheap.obj
 0002:00025af0       __recalloc                 10063af0 f   LIBCMTD:dbgheap.obj
 0002:00025b30       __realloc_dbg              10063b30 f   LIBCMTD:dbgheap.obj
 0002:00026370       __recalloc_dbg             10064370 f   LIBCMTD:dbgheap.obj
 0002:000264b0       __expand                   100644b0 f   LIBCMTD:dbgheap.obj
 0002:000264e0       __expand_dbg               100644e0 f   LIBCMTD:dbgheap.obj
 0002:00026630       __free_nolock              10064630 f   LIBCMTD:dbgheap.obj
 0002:00026650       __free_dbg                 10064650 f   LIBCMTD:dbgheap.obj
 0002:000266f0       __free_dbg_nolock          100646f0 f   LIBCMTD:dbgheap.obj
 0002:00026d10       __msize                    10064d10 f   LIBCMTD:dbgheap.obj
 0002:00026d30       __msize_dbg                10064d30 f   LIBCMTD:dbgheap.obj
 0002:00026f90       __CrtSetBreakAlloc         10064f90 f   LIBCMTD:dbgheap.obj
 0002:00026fc0       __CrtSetDbgBlockType       10064fc0 f   LIBCMTD:dbgheap.obj
 0002:000270e0       __CrtSetAllocHook          100650e0 f   LIBCMTD:dbgheap.obj
 0002:00027110       __CrtGetAllocHook          10065110 f   LIBCMTD:dbgheap.obj
 0002:00027180       __CrtCheckMemory           10065180 f   LIBCMTD:dbgheap.obj
 0002:000276f0       __CrtSetDbgFlag            100656f0 f   LIBCMTD:dbgheap.obj
 0002:00027890       __CrtDoForAllClientObjects 10065890 f   LIBCMTD:dbgheap.obj
 0002:00027a00       __CrtIsValidPointer        10065a00 f   LIBCMTD:dbgheap.obj
 0002:00027a20       __CrtIsValidHeapPointer    10065a20 f   LIBCMTD:dbgheap.obj
 0002:00027ae0       __CrtIsMemoryBlock         10065ae0 f   LIBCMTD:dbgheap.obj
 0002:00027cb0       __CrtReportBlockType       10065cb0 f   LIBCMTD:dbgheap.obj
 0002:00027cf0       __CrtSetDumpClient         10065cf0 f   LIBCMTD:dbgheap.obj
 0002:00027d20       __CrtGetDumpClient         10065d20 f   LIBCMTD:dbgheap.obj
 0002:00027d30       __CrtMemCheckpoint         10065d30 f   LIBCMTD:dbgheap.obj
 0002:00027fd0       __CrtMemDifference         10065fd0 f   LIBCMTD:dbgheap.obj
 0002:00028270       __CrtMemDumpAllObjectsSince 10066270 f   LIBCMTD:dbgheap.obj
 0002:000282c0       ??0_LocaleUpdate@@QAE@PAUlocaleinfo_struct@@@Z 100662c0 f i LIBCMTD:dbgheap.obj
 0002:000283d0       ??1_LocaleUpdate@@QAE@XZ   100663d0 f i LIBCMTD:dbgheap.obj
 0002:00028410       ?GetLocaleT@_LocaleUpdate@@QAEPAUlocaleinfo_struct@@XZ 10066410 f i LIBCMTD:dbgheap.obj
 0002:00028a10       __invoke_watson_if_oneof   10066a10 f i LIBCMTD:dbgheap.obj
 0002:00028a70       __CrtDumpMemoryLeaks       10066a70 f   LIBCMTD:dbgheap.obj
 0002:00028b00       __CrtMemDumpStatistics     10066b00 f   LIBCMTD:dbgheap.obj
 0002:00028c50       __aligned_malloc           10066c50 f   LIBCMTD:dbgheap.obj
 0002:00028c80       __aligned_malloc_dbg       10066c80 f   LIBCMTD:dbgheap.obj
 0002:00028cb0       __aligned_realloc          10066cb0 f   LIBCMTD:dbgheap.obj
 0002:00028ce0       __aligned_recalloc         10066ce0 f   LIBCMTD:dbgheap.obj
 0002:00028d10       __aligned_realloc_dbg      10066d10 f   LIBCMTD:dbgheap.obj
 0002:00028d40       __aligned_recalloc_dbg     10066d40 f   LIBCMTD:dbgheap.obj
 0002:00028d80       __aligned_offset_malloc    10066d80 f   LIBCMTD:dbgheap.obj
 0002:00028db0       __aligned_offset_malloc_dbg 10066db0 f   LIBCMTD:dbgheap.obj
 0002:00028fc0       __aligned_offset_realloc   10066fc0 f   LIBCMTD:dbgheap.obj
 0002:00028ff0       __aligned_offset_recalloc  10066ff0 f   LIBCMTD:dbgheap.obj
 0002:00029020       __aligned_offset_realloc_dbg 10067020 f   LIBCMTD:dbgheap.obj
 0002:000293a0       __aligned_offset_recalloc_dbg 100673a0 f   LIBCMTD:dbgheap.obj
 0002:000294f0       __aligned_free             100674f0 f   LIBCMTD:dbgheap.obj
 0002:00029510       __aligned_free_dbg         10067510 f   LIBCMTD:dbgheap.obj
 0002:000295f0       __CrtSetDebugFillThreshold 100675f0 f   LIBCMTD:dbgheap.obj
 0002:00029620       __CrtSetCheckCount         10067620 f   LIBCMTD:dbgheap.obj
 0002:00029640       __CrtGetCheckCount         10067640 f   LIBCMTD:dbgheap.obj
 0002:00029650       __aligned_msize            10067650 f   LIBCMTD:dbgheap.obj
 0002:00029680       __aligned_msize_dbg        10067680 f   LIBCMTD:dbgheap.obj
 0002:000297d0       __flsbuf                   100677d0 f   LIBCMTD:_flsbuf.obj
 0002:00029b40       __output_l                 10067b40 f   LIBCMTD:output.obj
 0002:0002b480       _get_int_arg               10069480 f i LIBCMTD:output.obj
 0002:0002b4b0       _get_int64_arg             100694b0 f i LIBCMTD:output.obj
 0002:0002b4e0       _get_short_arg             100694e0 f i LIBCMTD:output.obj
 0002:0002b510       __initp_misc_invarg        10069510 f   LIBCMTD:invarg.obj
 0002:0002b530       __invalid_parameter        10069530 f   LIBCMTD:invarg.obj
 0002:0002b5c0       __invoke_watson            100695c0 f   LIBCMTD:invarg.obj
 0002:0002b760       __set_invalid_parameter_handler 10069760 f   LIBCMTD:invarg.obj
 0002:0002b7c0       __get_invalid_parameter_handler 100697c0 f   LIBCMTD:invarg.obj
 0002:0002b800       ?_invalid_parameter@@YAXPBG00II@Z 10069800 f   LIBCMTD:invarg.obj
 0002:0002b830       ?_invoke_watson@@YAXPBG00II@Z 10069830 f   LIBCMTD:invarg.obj
 0002:0002b860       __CrtSetReportHookW2       10069860 f   LIBCMTD:dbgrptw.obj
 0002:0002bc50       __CrtDbgReportW            10069c50 f   LIBCMTD:dbgrptw.obj
 0002:0002bca0       __CrtDbgReportWV           10069ca0 f i LIBCMTD:dbgrptw.obj
 0002:0002bcd0       ___crtMessageWindowW       10069cd0 f   LIBCMTD:dbgrptw.obj
 0002:0002c1d0       ?_CrtDbgReportW@@YAHHPBGH00ZZ 1006a1d0 f   LIBCMTD:dbgrptw.obj
 0002:0002c220       __vsprintf_l               1006a220 f   LIBCMTD:vsprintf.obj
 0002:0002c3f0       _vsprintf                  1006a3f0 f   LIBCMTD:vsprintf.obj
 0002:0002c420       __vscprintf_helper         1006a420 f   LIBCMTD:vsprintf.obj
 0002:0002c510       __vscprintf                1006a510 f   LIBCMTD:vsprintf.obj
 0002:0002c540       __vscprintf_l              1006a540 f   LIBCMTD:vsprintf.obj
 0002:0002c570       __vscprintf_p              1006a570 f   LIBCMTD:vsprintf.obj
 0002:0002c5a0       __vscprintf_p_l            1006a5a0 f   LIBCMTD:vsprintf.obj
 0002:0002c5d0       __vsnprintf_helper         1006a5d0 f   LIBCMTD:vsnprnc.obj
 0002:0002c810       __vsnprintf_c              1006a810 f   LIBCMTD:vsnprnc.obj
 0002:0002c870       __vsnprintf_c_l            1006a870 f   LIBCMTD:vsnprnc.obj
 0002:0002c8d0       __vsprintf_s_l             1006a8d0 f   LIBCMTD:vsnprnc.obj
 0002:0002cbd0       _vsprintf_s                1006abd0 f   LIBCMTD:vsnprnc.obj
 0002:0002cc00       __vsnprintf_s_l            1006ac00 f   LIBCMTD:vsnprnc.obj
 0002:0002d080       __vsnprintf_s              1006b080 f   LIBCMTD:vsnprnc.obj
 0002:0002d0b0       __vsprintf_p               1006b0b0 f   LIBCMTD:vsnprnc.obj
 0002:0002d110       __vsprintf_p_l             1006b110 f   LIBCMTD:vsnprnc.obj
 0002:0002d170       _strcpy_s                  1006b170 f   LIBCMTD:strcpy_s.obj
 0002:0002d500       __encode_pointer           1006b500 f   LIBCMTD:tidtable.obj
 0002:0002d5c0       __crt_wait_module_handle   1006b5c0 f i LIBCMTD:tidtable.obj
 0002:0002d600       __encoded_null             1006b600 f   LIBCMTD:tidtable.obj
 0002:0002d620       __decode_pointer           1006b620 f   LIBCMTD:tidtable.obj
 0002:0002d6e0       ___crtTlsAlloc@4           1006b6e0 f   LIBCMTD:tidtable.obj
 0002:0002d700       ___fls_getvalue@4          1006b700 f   LIBCMTD:tidtable.obj
 0002:0002d730       ___get_flsindex            1006b730 f   LIBCMTD:tidtable.obj
 0002:0002d740       ___set_flsgetvalue         1006b740 f   LIBCMTD:tidtable.obj
 0002:0002d7a0       ___fls_setvalue@8          1006b7a0 f   LIBCMTD:tidtable.obj
 0002:0002d7d0       __mtinit                   1006b7d0 f   LIBCMTD:tidtable.obj
 0002:0002da60       __mtterm                   1006ba60 f   LIBCMTD:tidtable.obj
 0002:0002dad0       __initptd                  1006bad0 f   LIBCMTD:tidtable.obj
 0002:0002dc80       __getptd_noexit            1006bc80 f   LIBCMTD:tidtable.obj
 0002:0002dd70       __getptd                   1006bd70 f   LIBCMTD:tidtable.obj
 0002:0002dda0       __freefls@4                1006bda0 f   LIBCMTD:tidtable.obj
 0002:0002e030       __freeptd                  1006c030 f   LIBCMTD:tidtable.obj
 0002:0002e0d0       ___threadid                1006c0d0 f   LIBCMTD:tidtable.obj
 0002:0002e0e0       ___threadhandle            1006c0e0 f   LIBCMTD:tidtable.obj
 0002:0002e0f0       ___sys_nerr                1006c0f0 f   LIBCMTD:syserr.obj
 0002:0002e100       ___sys_errlist             1006c100 f   LIBCMTD:syserr.obj
 0002:0002e110       _strncpy_s                 1006c110 f   LIBCMTD:strncpy_s.obj
 0002:0002e600       ___iob_func                1006c600 f   LIBCMTD:_file.obj
 0002:0002e610       ___initstdio               1006c610 f   LIBCMTD:_file.obj
 0002:0002e7b0       ___endstdio                1006c7b0 f   LIBCMTD:_file.obj
 0002:0002e7f0       __lock_file                1006c7f0 f   LIBCMTD:_file.obj
 0002:0002e860       __lock_file2               1006c860 f   LIBCMTD:_file.obj
 0002:0002e8b0       __unlock_file              1006c8b0 f   LIBCMTD:_file.obj
 0002:0002e920       __unlock_file2             1006c920 f   LIBCMTD:_file.obj
 0002:0002e970       __openfile                 1006c970 f   LIBCMTD:_open.obj
 0002:0002f320       __getstream                1006d320 f   LIBCMTD:stream.obj
 0002:0002f620       __except_handler4          1006d620 f   LIBCMTD:chandler4.obj
 0002:0002f8c8       __local_unwind4            1006d8c8 f   LIBCMTD:exsup4.obj
 0002:0002f99e       __seh_longjmp_unwind4@4    1006d99e f   LIBCMTD:exsup4.obj
 0002:0002f9ba       @_EH4_CallFilterFunc@8     1006d9ba f   LIBCMTD:exsup4.obj
 0002:0002f9d1       @_EH4_TransferToHandler@8  1006d9d1 f   LIBCMTD:exsup4.obj
 0002:0002f9ea       @_EH4_GlobalUnwind@4       1006d9ea f   LIBCMTD:exsup4.obj
 0002:0002fa04       @_EH4_LocalUnwind@16       1006da04 f   LIBCMTD:exsup4.obj
 0002:0002fa70       __filbuf                   1006da70 f   LIBCMTD:_filbuf.obj
 0002:0002fd50       __read                     1006dd50 f   LIBCMTD:read.obj
 0002:0002fd50       _read                      1006dd50 f   LIBCMTD:read.obj
 0002:00030090       __read_nolock              1006e090 f   LIBCMTD:read.obj
 0002:000313b0       __fileno                   1006f3b0 f   LIBCMTD:fileno.obj
 0002:00031440       _memcpy_s                  1006f440 f   LIBCMTD:memcpy_s.obj
 0002:00031630       __write                    1006f630 f   LIBCMTD:write.obj
 0002:00031630       _write                     1006f630 f   LIBCMTD:write.obj
 0002:000318e0       __write_nolock             1006f8e0 f   LIBCMTD:write.obj
 0002:000326f0       _fflush                    100706f0 f   LIBCMTD:fflush.obj
 0002:000327b0       __fflush_nolock            100707b0 f   LIBCMTD:fflush.obj
 0002:00032820       __flush                    10070820 f   LIBCMTD:fflush.obj
 0002:00032910       __flushall                 10070910 f   LIBCMTD:fflush.obj
 0002:00032b40       __ioinit                   10070b40 f   LIBCMTD:ioinit.obj
 0002:00033110       __ioterm                   10071110 f   LIBCMTD:ioinit.obj
 0002:000331e0       __lseek                    100711e0 f   LIBCMTD:lseek.obj
 0002:000331e0       _lseek                     100711e0 f   LIBCMTD:lseek.obj
 0002:00033490       __lseek_nolock             10071490 f   LIBCMTD:lseek.obj
 0002:000335a0       _close                     100715a0 f   LIBCMTD:close.obj
 0002:000335a0       __close                    100715a0 f   LIBCMTD:close.obj
 0002:00033840       __close_nolock             10071840 f   LIBCMTD:close.obj
 0002:00033940       __freebuf                  10071940 f   LIBCMTD:_freebuf.obj
 0002:000339f0       __lseeki64                 100719f0 f   LIBCMTD:lseeki64.obj
 0002:00033cd0       __lseeki64_nolock          10071cd0 f   LIBCMTD:lseeki64.obj
 0002:00033e00       @__security_check_cookie@4 10071e00 f   LIBCMTD:secchk.obj
 0002:00033e20       __crt_waiting_on_module_handle 10071e20 f   LIBCMTD:crt0dat.obj
 0002:00033e90       __cinit                    10071e90 f   LIBCMTD:crt0dat.obj
 0002:00033f60       _exit                      10071f60 f   LIBCMTD:crt0dat.obj
 0002:00033f80       __exit                     10071f80 f   LIBCMTD:crt0dat.obj
 0002:00033fa0       __cexit                    10071fa0 f   LIBCMTD:crt0dat.obj
 0002:00033fc0       __c_exit                   10071fc0 f   LIBCMTD:crt0dat.obj
 0002:00033fe0       __amsg_exit                10071fe0 f   LIBCMTD:crt0dat.obj
 0002:00034030       ___freeCrtMemory           10072030 f   LIBCMTD:crt0dat.obj
 0002:00034450       ___crtCorExitProcess       10072450 f   LIBCMTD:crt0dat.obj
 0002:000344a0       ___crtExitProcess          100724a0 f   LIBCMTD:crt0dat.obj
 0002:000344d0       __lockexit                 100724d0 f   LIBCMTD:crt0dat.obj
 0002:000344f0       __unlockexit               100724f0 f   LIBCMTD:crt0dat.obj
 0002:00034510       __init_pointers            10072510 f   LIBCMTD:crt0dat.obj
 0002:00034600       __initterm_e               10072600 f   LIBCMTD:crt0dat.obj
 0002:00034650       __get_wpgmptr              10072650 f   LIBCMTD:crt0dat.obj
 0002:00034780       __get_pgmptr               10072780 f   LIBCMTD:crt0dat.obj
 0002:000348b0       __setenvp                  100728b0 f   LIBCMTD:stdenvp.obj
 0002:00034ac0       __setargv                  10072ac0 f   LIBCMTD:stdargv.obj
 0002:00034c20       __set_pgmptr               10072c20 f i LIBCMTD:stdargv.obj
 0002:00035080       ___crtGetEnvironmentStringsA 10073080 f   LIBCMTD:a_env.obj
 0002:00035320       __RTC_Initialize           10073320 f   LIBCMTD:_initsect_.obj
 0002:00035350       __RTC_Terminate            10073350 f   LIBCMTD:_initsect_.obj
 0002:00035380       ___heap_select             10073380 f   LIBCMTD:heapinit.obj
 0002:000353a0       __heap_init                100733a0 f   LIBCMTD:heapinit.obj
 0002:00035440       __heap_term                10073440 f   LIBCMTD:heapinit.obj
 0002:00035510       __get_heap_handle          10073510 f   LIBCMTD:heapinit.obj
 0002:00035560       ___security_init_cookie    10073560 f   LIBCMTD:gs_support.obj
 0002:00035680       __initp_misc_winxfltr      10073680 f   LIBCMTD:winxfltr.obj
 0002:00035690       ___CppXcptFilter           10073690 f   LIBCMTD:winxfltr.obj
 0002:000356c0       __XcptFilter               100736c0 f   LIBCMTD:winxfltr.obj
 0002:00035970       _DllMain@12                10073970 f   LIBCMTD:dllmain.obj
 0002:00035990       __initp_heap_handler       10073990 f   LIBCMTD:handler.obj
 0002:000359b0       ?_set_new_handler@@YAP6AHI@ZP6AHI@Z@Z 100739b0 f   LIBCMTD:handler.obj
 0002:00035a10       ?_set_new_handler@@YAP6AHI@ZH@Z 10073a10 f   LIBCMTD:handler.obj
 0002:00035a60       ?_query_new_handler@@YAP6AHI@ZXZ 10073a60 f   LIBCMTD:handler.obj
 0002:00035a80       __callnewh                 10073a80 f   LIBCMTD:handler.obj
 0002:00035ad0       __mtinitlocks              10073ad0 f   LIBCMTD:mlock.obj
 0002:00035b80       __mtdeletelocks            10073b80 f   LIBCMTD:mlock.obj
 0002:00035c70       __mtinitlocknum            10073c70 f   LIBCMTD:mlock.obj
 0002:00035e10       __lock                     10073e10 f   LIBCMTD:mlock.obj
 0002:00035e60       __unlock                   10073e60 f   LIBCMTD:mlock.obj
 0002:00035e80       __lockerr_exit             10073e80 f   LIBCMTD:mlock.obj
 0002:00035eb0       _V6_HeapAlloc              10073eb0 f   LIBCMTD:malloc.obj
 0002:00035f70       __malloc_base              10073f70 f   LIBCMTD:malloc.obj
 0002:00036020       __heap_alloc_base          10074020 f i LIBCMTD:malloc.obj
 0002:00036110       __CrtSetReportHook2        10074110 f   LIBCMTD:dbgrpt.obj
 0002:00036500       __CrtDbgReport             10074500 f   LIBCMTD:dbgrpt.obj
 0002:00036550       __CrtDbgReportV            10074550 f i LIBCMTD:dbgrpt.obj
 0002:00036580       ___crtMessageWindowA       10074580 f   LIBCMTD:dbgrpt.obj
 0002:00036a80       __CrtDefaultAllocHook      10074a80 f   LIBCMTD:dbghook.obj
 0002:00036a90       __crt_debugger_hook        10074a90 f   LIBCMTD:dbghook.obj
 0002:00036ab0       __expand_base              10074ab0 f   LIBCMTD:expand.obj
 0002:00036e30       __realloc_base             10074e30 f   LIBCMTD:realloc.obj
 0002:000372b0       __free_base                100752b0 f   LIBCMTD:free.obj
 0002:00037420       __heapchk                  10075420 f   LIBCMTD:heapchk.obj
 0002:00037530       __heapset                  10075530 f   LIBCMTD:heapchk.obj
 0002:00037540       __get_sbh_threshold        10075540 f   LIBCMTD:sbheap.obj
 0002:000375a0       __set_sbh_threshold        100755a0 f   LIBCMTD:sbheap.obj
 0002:000377a0       __set_amblksiz             100757a0 f   LIBCMTD:sbheap.obj
 0002:000378f0       __get_amblksiz             100758f0 f   LIBCMTD:sbheap.obj
 0002:00037a20       ___sbh_heap_init           10075a20 f   LIBCMTD:sbheap.obj
 0002:00037aa0       ___sbh_find_block          10075aa0 f   LIBCMTD:sbheap.obj
 0002:00037b10       ___sbh_verify_block        10075b10 f   LIBCMTD:sbheap.obj
 0002:00037b80       ___sbh_free_block          10075b80 f   LIBCMTD:sbheap.obj
 0002:000382b0       ___sbh_alloc_block         100762b0 f   LIBCMTD:sbheap.obj
 0002:00038920       ___sbh_alloc_new_region    10076920 f   LIBCMTD:sbheap.obj
 0002:00038a80       ___sbh_alloc_new_group     10076a80 f   LIBCMTD:sbheap.obj
 0002:00038cf0       ___sbh_resize_block        10076cf0 f   LIBCMTD:sbheap.obj
 0002:00039430       ___sbh_heapmin             10077430 f   LIBCMTD:sbheap.obj
 0002:000395b0       ___sbh_heap_check          100775b0 f   LIBCMTD:sbheap.obj
 0002:00039be0       ___updatetmbcinfo          10077be0 f   LIBCMTD:mbctype.obj
 0002:00039d30       __setmbcp                  10077d30 f   LIBCMTD:mbctype.obj
 0002:0003a1c0       __setmbcp_nolock           100781c0 f   LIBCMTD:mbctype.obj
 0002:0003aba0       __getmbcp                  10078ba0 f   LIBCMTD:mbctype.obj
 0002:0003ac30       ___initmbctable            10078c30 f   LIBCMTD:mbctype.obj
 0002:0003ac60       ____setlc_active_func      10078c60 f   LIBCMTD:setlocal.obj
 0002:0003ac70       ____unguarded_readlc_active_add_func 10078c70 f   LIBCMTD:setlocal.obj
 0002:0003ac80       ___freetlocinfo            10078c80 f   LIBCMTD:setlocal.obj
 0002:0003b020       ___addlocaleref            10079020 f   LIBCMTD:setlocal.obj
 0002:0003b190       ___removelocaleref         10079190 f   LIBCMTD:setlocal.obj
 0002:0003b310       ___updatetlocinfo          10079310 f   LIBCMTD:setlocal.obj
 0002:0003b4b0       __configthreadlocale       100794b0 f   LIBCMTD:setlocal.obj
 0002:0003b600       __locterm                  10079600 f   LIBCMTD:setlocal.obj
 0002:0003b6c0       __free_locale              100796c0 f   LIBCMTD:setlocal.obj
 0002:0003b850       ___free_locale             10079850 f   LIBCMTD:setlocal.obj
 0002:0003b870       __create_locale            10079870 f   LIBCMTD:setlocal.obj
 0002:0003bb20       ___create_locale           10079b20 f   LIBCMTD:setlocal.obj
 0002:0003bb40       __get_current_locale       10079b40 f   LIBCMTD:setlocal.obj
 0002:0003bca0       ___get_current_locale      10079ca0 f   LIBCMTD:setlocal.obj
 0002:0003bcb0       _setlocale                 10079cb0 f   LIBCMTD:setlocal.obj
 0002:0003cf80       __expandlocale             1007af80 f   LIBCMTD:setlocal.obj
 0002:0003d2d0       ___init_dummy              1007b2d0 f   LIBCMTD:setlocal.obj
 0002:0003d2e0       __strcats                  1007b2e0 f   LIBCMTD:setlocal.obj
 0002:0003d380       ___lc_strtolc              1007b380 f   LIBCMTD:setlocal.obj
 0002:0003d600       ___lc_lctostr              1007b600 f   LIBCMTD:setlocal.obj
 0002:0003d6c0       __chvalidator              1007b6c0 f   LIBCMTD:isctype.obj
 0002:0003d720       __chvalidator_l            1007b720 f   LIBCMTD:isctype.obj
 0002:0003d800       __isctype_l                1007b800 f   LIBCMTD:isctype.obj
 0002:0003d960       __isctype                  1007b960 f   LIBCMTD:isctype.obj
 0002:0003d9b0       __getbuf                   1007b9b0 f   LIBCMTD:_getbuf.obj
 0002:0003daa0       __isatty                   1007baa0 f   LIBCMTD:isatty.obj
 0002:0003dbc0       __initp_misc_cfltcvt_tab   1007bbc0 f   LIBCMTD:cmiscdat.obj
 0002:0003dc20       _printf                    1007bc20 f   LIBCMTD:printf.obj
 0002:0003ddb0       __printf_l                 1007bdb0 f   LIBCMTD:printf.obj
 0002:0003dde0       __printf_s_l               1007bde0 f   LIBCMTD:printf.obj
 0002:0003de10       _printf_s                  1007be10 f   LIBCMTD:printf.obj
 0002:0003de40       __printf_p_l               1007be40 f   LIBCMTD:printf.obj
 0002:0003de70       __printf_p                 1007be70 f   LIBCMTD:printf.obj
 0002:0003dea0       __set_printf_count_output  1007bea0 f   LIBCMTD:printf.obj
 0002:0003df00       __get_printf_count_output  1007bf00 f   LIBCMTD:printf.obj
 0002:0003df30       __wctomb_s_l               1007bf30 f   LIBCMTD:wctomb.obj
 0002:0003e2f0       _wctomb_s                  1007c2f0 f   LIBCMTD:wctomb.obj
 0002:0003e320       __wctomb_l                 1007c320 f   LIBCMTD:wctomb.obj
 0002:0003e3c0       _wctomb                    1007c3c0 f   LIBCMTD:wctomb.obj
 0002:0003e420       __isleadbyte_l             1007c420 f i LIBCMTD:_wctype.obj
 0002:0003e480       _isleadbyte                1007c480 f i LIBCMTD:_wctype.obj
 0002:0003e4a0       __iswalpha_l               1007c4a0 f i LIBCMTD:_wctype.obj
 0002:0003e4d0       _iswalpha                  1007c4d0 f i LIBCMTD:_wctype.obj
 0002:0003e4f0       __iswupper_l               1007c4f0 f i LIBCMTD:_wctype.obj
 0002:0003e510       _iswupper                  1007c510 f i LIBCMTD:_wctype.obj
 0002:0003e530       __iswlower_l               1007c530 f i LIBCMTD:_wctype.obj
 0002:0003e550       _iswlower                  1007c550 f i LIBCMTD:_wctype.obj
 0002:0003e570       __iswdigit_l               1007c570 f i LIBCMTD:_wctype.obj
 0002:0003e590       _iswdigit                  1007c590 f i LIBCMTD:_wctype.obj
 0002:0003e5b0       __iswxdigit_l              1007c5b0 f i LIBCMTD:_wctype.obj
 0002:0003e5e0       _iswxdigit                 1007c5e0 f i LIBCMTD:_wctype.obj
 0002:0003e600       __iswspace_l               1007c600 f i LIBCMTD:_wctype.obj
 0002:0003e620       _iswspace                  1007c620 f i LIBCMTD:_wctype.obj
 0002:0003e640       __iswpunct_l               1007c640 f i LIBCMTD:_wctype.obj
 0002:0003e660       _iswpunct                  1007c660 f i LIBCMTD:_wctype.obj
 0002:0003e680       __iswalnum_l               1007c680 f i LIBCMTD:_wctype.obj
 0002:0003e6b0       _iswalnum                  1007c6b0 f i LIBCMTD:_wctype.obj
 0002:0003e6d0       __iswprint_l               1007c6d0 f i LIBCMTD:_wctype.obj
 0002:0003e700       _iswprint                  1007c700 f i LIBCMTD:_wctype.obj
 0002:0003e720       __iswgraph_l               1007c720 f i LIBCMTD:_wctype.obj
 0002:0003e750       _iswgraph                  1007c750 f i LIBCMTD:_wctype.obj
 0002:0003e770       __iswcntrl_l               1007c770 f i LIBCMTD:_wctype.obj
 0002:0003e790       _iswcntrl                  1007c790 f i LIBCMTD:_wctype.obj
 0002:0003e7b0       _iswascii                  1007c7b0 f i LIBCMTD:_wctype.obj
 0002:0003e7d0       __iswcsym_l                1007c7d0 f i LIBCMTD:_wctype.obj
 0002:0003e820       ___iswcsym                 1007c820 f i LIBCMTD:_wctype.obj
 0002:0003e870       __iswcsymf_l               1007c870 f i LIBCMTD:_wctype.obj
 0002:0003e8c0       ___iswcsymf                1007c8c0 f i LIBCMTD:_wctype.obj
 0002:0003e910       __aullrem                  1007c910 f   LIBCMTD:ullrem.obj
 0002:0003e9b0       __CrtDbgBreak              1007c9b0 f   LIBCMTD:dbgrptt.obj
 0002:0003e9c0       __CrtSetReportMode         1007c9c0 f   LIBCMTD:dbgrptt.obj
 0002:0003eb50       __CrtSetReportFile         1007cb50 f   LIBCMTD:dbgrptt.obj
 0002:0003ec80       __CrtSetReportHook         1007cc80 f   LIBCMTD:dbgrptt.obj
 0002:0003ecb0       __CrtGetReportHook         1007ccb0 f   LIBCMTD:dbgrptt.obj
 0002:0003ecc0       __VCrtDbgReportA           1007ccc0 f   LIBCMTD:dbgrptt.obj
 0002:0003f6f0       __VCrtDbgReportW           1007d6f0 f   LIBCMTD:dbgrptt.obj
 0002:00040270       __initp_misc_winsig        1007e270 f   LIBCMTD:winsig.obj
 0002:000402b0       _signal                    1007e2b0 f   LIBCMTD:winsig.obj
 0002:00040880       _raise                     1007e880 f   LIBCMTD:winsig.obj
 0002:00040cd0       ___get_sigabrt             1007ecd0 f   LIBCMTD:winsig.obj
 0002:00040cf0       ___fpecode                 1007ecf0 f   LIBCMTD:winsig.obj
 0002:00040d10       ___pxcptinfoptrs           1007ed10 f   LIBCMTD:winsig.obj
 0002:00040d30       ___crtMessageBoxW          1007ed30 f   LIBCMTD:crtmboxw.obj
 0002:00040fe0       __swprintf                 1007efe0 f   LIBCMTD:swprintf.obj
 0002:00041230       ___swprintf_l              1007f230 f   LIBCMTD:swprintf.obj
 0002:00041270       _swprintf_s                1007f270 f   LIBCMTD:swprintf.obj
 0002:000412b0       __snwprintf_s              1007f2b0 f   LIBCMTD:swprintf.obj
 0002:000412f0       __swprintf_p               1007f2f0 f   LIBCMTD:swprintf.obj
 0002:00041330       __swprintf_s_l             1007f330 f   LIBCMTD:swprintf.obj
 0002:00041370       __snwprintf_s_l            1007f370 f   LIBCMTD:swprintf.obj
 0002:000413b0       __swprintf_p_l             1007f3b0 f   LIBCMTD:swprintf.obj
 0002:000413f0       __scwprintf                1007f3f0 f   LIBCMTD:swprintf.obj
 0002:00041420       __scwprintf_p              1007f420 f   LIBCMTD:swprintf.obj
 0002:00041450       __scwprintf_l              1007f450 f   LIBCMTD:swprintf.obj
 0002:00041480       __scwprintf_p_l            1007f480 f   LIBCMTD:swprintf.obj
 0002:000414b0       _wcslen                    1007f4b0 f   LIBCMTD:wcslen.obj
 0002:000414f0       _wcscpy_s                  1007f4f0 f   LIBCMTD:wcscpy_s.obj
 0002:00041890       __validate_param_reuseA    1007f890 f   LIBCMTD:outputp.obj
 0002:00041ba0       __output_p_l               1007fba0 f   LIBCMTD:outputp.obj
 0002:00046660       _get_crtdouble_arg         10084660 f i LIBCMTD:outputp.obj
 0002:00046690       __output_s_l               10084690 f   LIBCMTD:outputs.obj
 0002:00048180       __fcloseall                10086180 f   LIBCMTD:closeall.obj
 0002:00048300       __open                     10086300 f   LIBCMTD:open.obj
 0002:00048300       _open                      10086300 f   LIBCMTD:open.obj
 0002:000484e0       __sopen_helper             100864e0 f   LIBCMTD:open.obj
 0002:00049bd0       __sopen                    10087bd0 f   LIBCMTD:open.obj
 0002:00049c60       __sopen_s                  10087c60 f   LIBCMTD:open.obj
 0002:00049c90       __mbsnbicmp_l              10087c90 f   LIBCMTD:mbsnbicm.obj
 0002:0004a260       __mbsnbicmp                10088260 f   LIBCMTD:mbsnbicm.obj
 0002:0004a290       __mbsnbcmp_l               10088290 f   LIBCMTD:mbsnbcmp.obj
 0002:0004a630       __mbsnbcmp                 10088630 f   LIBCMTD:mbsnbcmp.obj
 0002:0004a660       __initp_misc_initcrit      10088660 f   LIBCMTD:initcrit.obj
 0002:0004a680       ___crtInitCritSecAndSpinCount 10088680 f   LIBCMTD:initcrit.obj
 0002:0004a750       __ValidateImageBase        10088750 f   LIBCMTD:pesect.obj
 0002:0004a7d0       __FindPESection            100887d0 f   LIBCMTD:pesect.obj
 0002:0004a870       __IsNonwritableInCurrentImage 10088870 f   LIBCMTD:pesect.obj
 0002:0004a9c8       __global_unwind2           100889c8 f   LIBCMTD:exsup.obj
 0002:0004aa2d       __local_unwind2            10088a2d f   LIBCMTD:exsup.obj
 0002:0004aab1       __abnormal_termination     10088ab1 f   LIBCMTD:exsup.obj
 0002:0004aad4       __NLG_Notify1              10088ad4 f   LIBCMTD:exsup.obj
 0002:0004aadd       __NLG_Notify               10088add f   LIBCMTD:exsup.obj
 0002:0004aaf4       __NLG_Dispatch2            10088af4     LIBCMTD:exsup.obj
 0002:0004aaf4       __NLG_Dispatch             10088af4     LIBCMTD:exsup.obj
 0002:0004aafc       __NLG_Call                 10088afc f   LIBCMTD:exsup.obj
 0002:0004aafe       __NLG_Return2              10088afe     LIBCMTD:exsup.obj
 0002:0004ab50       __alloc_osfhnd             10088b50 f   LIBCMTD:osfinfo.obj
 0002:0004aeb0       __set_osfhnd               10088eb0 f   LIBCMTD:osfinfo.obj
 0002:0004afb0       __free_osfhnd              10088fb0 f   LIBCMTD:osfinfo.obj
 0002:0004b0d0       __get_osfhandle            100890d0 f   LIBCMTD:osfinfo.obj
 0002:0004b290       __open_osfhandle           10089290 f   LIBCMTD:osfinfo.obj
 0002:0004b550       ___lock_fhandle            10089550 f   LIBCMTD:osfinfo.obj
 0002:0004b690       __unlock_fhandle           10089690 f   LIBCMTD:osfinfo.obj
 0002:0004b6d0       __putwch                   100896d0 f   LIBCMTD:putwch.obj
 0002:0004b780       __putwch_nolock            10089780 f   LIBCMTD:putwch.obj
 0002:0004b8c0       __cputws                   100898c0 f   LIBCMTD:putwch.obj
 0002:0004ba60       __mbtowc_l                 10089a60 f   LIBCMTD:mbtowc.obj
 0002:0004bd00       _mbtowc                    10089d00 f   LIBCMTD:mbtowc.obj
 0002:0004bd30       __commit                   10089d30 f   LIBCMTD:commit.obj
 0002:0004bfd0       ___report_gsfailure        10089fd0 f   LIBCMTD:gs_report.obj
 0002:0004c130       __onexit                   1008a130 f   LIBCMTD:onexit.obj
 0002:0004c380       _atexit                    1008a380 f   LIBCMTD:onexit.obj
 0002:0004c3b0       ___onexitinit              1008a3b0 f   LIBCMTD:onexit.obj
 0002:0004c420       __FF_MSGBANNER             1008a420 f   LIBCMTD:crt0msg.obj
 0002:0004c480       __NMSG_WRITE               1008a480 f   LIBCMTD:crt0msg.obj
 0002:0004c7c0       __GET_RTERRMSG             1008a7c0 f   LIBCMTD:crt0msg.obj
 0002:0004c820       __initp_eh_hooks           1008a820 f   LIBCMTD:hooks.obj
 0002:0004c840       ?terminate@@YAXXZ          1008a840 f   LIBCMTD:hooks.obj
 0002:0004c8e0       ?unexpected@@YAXXZ         1008a8e0 f   LIBCMTD:hooks.obj
 0002:0004c910       ?_inconsistency@@YAXXZ     1008a910 f   LIBCMTD:hooks.obj
 0002:0004c9c0       __initp_misc_rand_s        1008a9c0 f   LIBCMTD:rand_s.obj
 0002:0004c9e0       _rand_s                    1008a9e0 f   LIBCMTD:rand_s.obj
 0002:0004cc90       ___getlocaleinfo           1008ac90 f   LIBCMTD:inithelp.obj
 0002:0004cfe0       __initp_misc_purevirt      1008afe0 f   LIBCMTD:inithelp.obj
 0002:0004d000       __ismbbkalnum_l            1008b000 f   LIBCMTD:ismbbyte.obj
 0002:0004d030       __ismbbkalnum              1008b030 f   LIBCMTD:ismbbyte.obj
 0002:0004d050       __ismbbkprint_l            1008b050 f   LIBCMTD:ismbbyte.obj
 0002:0004d080       __ismbbkprint              1008b080 f   LIBCMTD:ismbbyte.obj
 0002:0004d0a0       __ismbbkpunct_l            1008b0a0 f   LIBCMTD:ismbbyte.obj
 0002:0004d0d0       __ismbbkpunct              1008b0d0 f   LIBCMTD:ismbbyte.obj
 0002:0004d0f0       __ismbbalnum_l             1008b0f0 f   LIBCMTD:ismbbyte.obj
 0002:0004d120       __ismbbalnum               1008b120 f   LIBCMTD:ismbbyte.obj
 0002:0004d150       __ismbbalpha_l             1008b150 f   LIBCMTD:ismbbyte.obj
 0002:0004d180       __ismbbalpha               1008b180 f   LIBCMTD:ismbbyte.obj
 0002:0004d1b0       __ismbbgraph_l             1008b1b0 f   LIBCMTD:ismbbyte.obj
 0002:0004d1e0       __ismbbgraph               1008b1e0 f   LIBCMTD:ismbbyte.obj
 0002:0004d210       __ismbbprint_l             1008b210 f   LIBCMTD:ismbbyte.obj
 0002:0004d240       __ismbbprint               1008b240 f   LIBCMTD:ismbbyte.obj
 0002:0004d270       __ismbbpunct_l             1008b270 f   LIBCMTD:ismbbyte.obj
 0002:0004d2a0       __ismbbpunct               1008b2a0 f   LIBCMTD:ismbbyte.obj
 0002:0004d2c0       __ismbblead_l              1008b2c0 f   LIBCMTD:ismbbyte.obj
 0002:0004d2f0       __ismbblead                1008b2f0 f   LIBCMTD:ismbbyte.obj
 0002:0004d310       __ismbbtrail_l             1008b310 f   LIBCMTD:ismbbyte.obj
 0002:0004d340       __ismbbtrail               1008b340 f   LIBCMTD:ismbbyte.obj
 0002:0004d360       __ismbbkana_l              1008b360 f   LIBCMTD:ismbbyte.obj
 0002:0004d3f0       __ismbbkana                1008b3f0 f   LIBCMTD:ismbbyte.obj
 0002:0004d510       ___crtMessageBoxA          1008b510 f   LIBCMTD:crtmbox.obj
 0002:0004d7c0       _memmove                   1008b7c0 f   LIBCMTD:memmove.obj
 0002:0004dc00       ?_JumpToContinuation@@YGXPAXPAUEHRegistrationNode@@@Z 1008bc00 f   LIBCMTD:_trnsctrl_.obj
 0002:0004dc50       ?_CallMemberFunction0@@YGXPAX0@Z 1008bc50 f   LIBCMTD:_trnsctrl_.obj
 0002:0004dc60       ?_CallMemberFunction1@@YGXPAX00@Z 1008bc60 f   LIBCMTD:_trnsctrl_.obj
 0002:0004dc70       ?_CallMemberFunction2@@YGXPAX00H@Z 1008bc70 f   LIBCMTD:_trnsctrl_.obj
 0002:0004dc80       ?_UnwindNestedFrames@@YGXPAUEHRegistrationNode@@PAUEHExceptionRecord@@@Z 1008bc80 f   LIBCMTD:_trnsctrl_.obj
 0002:0004dcf0       ___CxxFrameHandler         1008bcf0 f   LIBCMTD:_trnsctrl_.obj
 0002:0004dd40       ___CxxFrameHandler3        1008bd40 f   LIBCMTD:_trnsctrl_.obj
 0002:0004dd90       ___CxxFrameHandler2        1008bd90 f   LIBCMTD:_trnsctrl_.obj
 0002:0004dde0       ___CxxLongjmpUnwind@4      1008bde0 f   LIBCMTD:_trnsctrl_.obj
 0002:0004de20       ?_CallCatchBlock2@@YAPAXPAUEHRegistrationNode@@PBU_s_FuncInfo@@PAXHK@Z 1008be20 f   LIBCMTD:_trnsctrl_.obj
 0002:0004df10       ?_CallSETranslator@@YAHPAUEHExceptionRecord@@PAUEHRegistrationNode@@PAX2PBU_s_FuncInfo@@H1@Z 1008bf10 f   LIBCMTD:_trnsctrl_.obj
 0002:0004e120       ?_GetRangeOfTrysToCheck@@YAPBU_s_TryBlockMapEntry@@PBU_s_FuncInfo@@HHPAI1@Z 1008c120 f   LIBCMTD:_trnsctrl_.obj
 0002:0004e1c0       __CreateFrameInfo          1008c1c0 f   LIBCMTD:_trnsctrl_.obj
 0002:0004e200       __IsExceptionObjectToBeDestroyed 1008c200 f   LIBCMTD:_trnsctrl_.obj
 0002:0004e240       __FindAndUnlinkFrame       1008c240 f   LIBCMTD:_trnsctrl_.obj
 0002:0004e2b0       ___crtLCMapStringA         1008c2b0 f   LIBCMTD:a_map.obj
 0002:0004e960       __MarkAllocaS              1008c960 f i LIBCMTD:a_map.obj
 0002:0004e990       __freea                    1008c990 f i LIBCMTD:a_map.obj
 0002:0004ea70       ___crtGetStringTypeA       1008ca70 f   LIBCMTD:a_str.obj
 0002:0004eda0       ___pwctype_func            1008cda0 f   LIBCMTD:ctype.obj
 0002:0004edb0       ___pctype_func             1008cdb0 f   LIBCMTD:ctype.obj
 0002:0004ee10       ___init_time               1008ce10 f   LIBCMTD:inittime.obj
 0002:0004f6f0       ___free_lc_time            1008d6f0 f   LIBCMTD:inittime.obj
 0002:0004fac0       ___init_numeric            1008dac0 f   LIBCMTD:initnum.obj
 0002:0004fef0       ___free_lconv_num          1008def0 f   LIBCMTD:initnum.obj
 0002:0004ff80       ___init_monetary           1008df80 f   LIBCMTD:initmon.obj
 0002:000505c0       ___free_lconv_mon          1008e5c0 f   LIBCMTD:initmon.obj
 0002:000506f0       ___init_ctype              1008e6f0 f   LIBCMTD:initctyp.obj
 0002:00050e10       ____mb_cur_max_func        1008ee10 f   LIBCMTD:initctyp.obj
 0002:00050e70       ____mb_cur_max_l_func      1008ee70 f   LIBCMTD:initctyp.obj
 0002:00050eb0       ____lc_codepage_func       1008eeb0 f   LIBCMTD:initctyp.obj
 0002:00050f10       ____lc_collate_cp_func     1008ef10 f   LIBCMTD:initctyp.obj
 0002:00050f70       ____lc_handle_func         1008ef70 f   LIBCMTD:initctyp.obj
 0002:00050fd0       ___init_collate            1008efd0 f   LIBCMTD:initcoll.obj
 0002:00050fe0       __Getdays_l                1008efe0 f   LIBCMTD:strftime.obj
 0002:00051210       __Getdays                  1008f210 f   LIBCMTD:strftime.obj
 0002:00051230       __Getmonths_l              1008f230 f   LIBCMTD:strftime.obj
 0002:00051460       __Getmonths                1008f460 f   LIBCMTD:strftime.obj
 0002:00051480       __Gettnames_l              1008f480 f   LIBCMTD:strftime.obj
 0002:00051b40       __Gettnames                1008fb40 f   LIBCMTD:strftime.obj
 0002:00051b60       __strftime_l               1008fb60 f   LIBCMTD:strftime.obj
 0002:00051b90       _strftime                  1008fb90 f   LIBCMTD:strftime.obj
 0002:00051bc0       __Strftime                 1008fbc0 f   LIBCMTD:strftime.obj
 0002:00051bf0       __Strftime_l               1008fbf0 f   LIBCMTD:strftime.obj
 0002:00054170       _localeconv                10092170 f   LIBCMTD:lconv.obj
 0002:000541d0       _strcspn                   100921d0 f   LIBCMTD:strcspn.obj
 0002:00054230       _strncmp                   10092230 f   LIBCMTD:strncmp.obj
 0002:00054400       _strpbrk                   10092400 f   LIBCMTD:strpbrk.obj
 0002:00054450       _memcmp                    10092450 f   LIBCMTD:memcmp.obj
 0002:00055170       _strcat_s                  10093170 f   LIBCMTD:strcat_s.obj
 0002:00055640       ___get_qualified_locale    10093640 f   LIBCMTD:getqloc.obj
 0002:00056860       _DebuggerKnownHandle       10094860 f   LIBCMTD:_error_.obj
 0002:00056940       ?_RTC_Failure@@YAXPAXH@Z   10094940 f   LIBCMTD:_error_.obj
 0002:00056d10       ?_RTC_StackFailure@@YAXPAXPBD@Z 10094d10 f   LIBCMTD:_error_.obj
 0002:00056e50       ?_RTC_AllocaFailure@@YAXPAXPAU_RTC_ALLOCA_NODE@@H@Z 10094e50 f   LIBCMTD:_error_.obj
 0002:00057060       __RTC_UninitUse            10095060 f   LIBCMTD:_error_.obj
 0002:00057190       __fptrap                   10095190 f   LIBCMTD:crt0fp.obj
 0002:000571b0       __stbuf                    100951b0 f   LIBCMTD:_sftbuf.obj
 0002:00057360       __ftbuf                    10095360 f   LIBCMTD:_sftbuf.obj
 0002:00057410       _vprintf_helper            10095410 f   LIBCMTD:vprintf.obj
 0002:00057570       __vprintf_l                10095570 f   LIBCMTD:vprintf.obj
 0002:000575a0       __vprintf_s_l              100955a0 f   LIBCMTD:vprintf.obj
 0002:000575d0       __vprintf_p_l              100955d0 f   LIBCMTD:vprintf.obj
 0002:00057600       _vprintf                   10095600 f   LIBCMTD:vprintf.obj
 0002:00057630       _vprintf_s                 10095630 f   LIBCMTD:vprintf.obj
 0002:00057660       __vprintf_p                10095660 f   LIBCMTD:vprintf.obj
 0002:00057690       __iswctype_l               10095690 f   LIBCMTD:iswctype.obj
 0002:00057760       _iswctype                  10095760 f   LIBCMTD:iswctype.obj
 0002:00057810       _is_wctype                 10095810 f   LIBCMTD:iswctype.obj
 0002:00057830       __mbstowcs_l_helper        10095830 f   LIBCMTD:mbstowcs.obj
 0002:00057c60       __mbstowcs_l               10095c60 f   LIBCMTD:mbstowcs.obj
 0002:00057c90       _mbstowcs                  10095c90 f   LIBCMTD:mbstowcs.obj
 0002:00057cf0       __mbstowcs_s_l             10095cf0 f   LIBCMTD:mbstowcs.obj
 0002:00058150       _mbstowcs_s                10096150 f   LIBCMTD:mbstowcs.obj
 0002:00058180       __itoa_s                   10096180 f   LIBCMTD:xtoas.obj
 0002:00058630       __ltoa_s                   10096630 f   LIBCMTD:xtoas.obj
 0002:00058680       __ultoa_s                  10096680 f   LIBCMTD:xtoas.obj
 0002:000586b0       __i64toa_s                 100966b0 f   LIBCMTD:xtoas.obj
 0002:00058bb0       __ui64toa_s                10096bb0 f   LIBCMTD:xtoas.obj
 0002:00058be0       __wcstombs_l_helper        10096be0 f   LIBCMTD:wcstombs.obj
 0002:00059210       __wcstombs_l               10097210 f   LIBCMTD:wcstombs.obj
 0002:00059240       _wcstombs                  10097240 f   LIBCMTD:wcstombs.obj
 0002:00059270       __wcstombs_s_l             10097270 f   LIBCMTD:wcstombs.obj
 0002:00059660       _wcstombs_s                10097660 f   LIBCMTD:wcstombs.obj
 0002:00059690       _wcscat_s                  10097690 f   LIBCMTD:wcscat_s.obj
 0002:00059b70       __vswprintf_helper         10097b70 f   LIBCMTD:vswprnc.obj
 0002:00059e30       __vswprintf_c              10097e30 f   LIBCMTD:vswprnc.obj
 0002:00059e90       __vswprintf_c_l            10097e90 f   LIBCMTD:vswprnc.obj
 0002:00059ef0       __vswprintf_s_l            10097ef0 f   LIBCMTD:vswprnc.obj
 0002:0005a1f0       _vswprintf_s               100981f0 f   LIBCMTD:vswprnc.obj
 0002:0005a220       __vsnwprintf_s_l           10098220 f   LIBCMTD:vswprnc.obj
 0002:0005a6c0       __vsnwprintf_s             100986c0 f   LIBCMTD:vswprnc.obj
 0002:0005a6f0       __vswprintf_p              100986f0 f   LIBCMTD:vswprnc.obj
 0002:0005a750       __vswprintf_p_l            10098750 f   LIBCMTD:vswprnc.obj
 0002:0005a7b0       __itow_s                   100987b0 f   LIBCMTD:xtows.obj
 0002:0005ac80       __ltow_s                   10098c80 f   LIBCMTD:xtows.obj
 0002:0005acd0       __ultow_s                  10098cd0 f   LIBCMTD:xtows.obj
 0002:0005ad00       __i64tow_s                 10098d00 f   LIBCMTD:xtows.obj
 0002:0005b220       __ui64tow_s                10099220 f   LIBCMTD:xtows.obj
 0002:0005b250       __woutput_l                10099250 f   LIBCMTD:woutput.obj
 0002:0005c8b0       __vswprintf_l              1009a8b0 f   LIBCMTD:vswprint.obj
 0002:0005caf0       __vswprintf                1009aaf0 f   LIBCMTD:vswprint.obj
 0002:0005cb20       ___vswprintf_l             1009ab20 f   LIBCMTD:vswprint.obj
 0002:0005cb50       __vscwprintf_helper        1009ab50 f   LIBCMTD:vswprint.obj
 0002:0005cc40       __vscwprintf               1009ac40 f   LIBCMTD:vswprint.obj
 0002:0005cc70       __vscwprintf_l             1009ac70 f   LIBCMTD:vswprint.obj
 0002:0005cca0       __vscwprintf_p             1009aca0 f   LIBCMTD:vswprint.obj
 0002:0005ccd0       __vscwprintf_p_l           1009acd0 f   LIBCMTD:vswprint.obj
 0002:0005cd00       _strtol                    1009ad00 f   LIBCMTD:strtol.obj
 0002:0005d380       __strtol_l                 1009b380 f   LIBCMTD:strtol.obj
 0002:0005d3b0       _strtoul                   1009b3b0 f   LIBCMTD:strtol.obj
 0002:0005d410       __strtoul_l                1009b410 f   LIBCMTD:strtol.obj
 0002:0005d440       __chsize_s                 1009b440 f   LIBCMTD:chsize.obj
 0002:0005d780       __chsize_nolock            1009b780 f   LIBCMTD:chsize.obj
 0002:0005dab0       __chsize                   1009bab0 f   LIBCMTD:chsize.obj
 0002:0005dae0       __setmode                  1009bae0 f   LIBCMTD:setmode.obj
 0002:0005de10       __setmode_nolock           1009be10 f   LIBCMTD:setmode.obj
 0002:0005e110       __set_fmode                1009c110 f   LIBCMTD:setmode.obj
 0002:0005e1f0       __get_fmode                1009c1f0 f   LIBCMTD:setmode.obj
 0002:0005e290       __strnicmp_l               1009c290 f   LIBCMTD:strnicmp.obj
 0002:0005e560       __strnicmp                 1009c560 f   LIBCMTD:strnicmp.obj
 0002:0005e750       ___initconin               1009c750 f   LIBCMTD:initcon.obj
 0002:0005e780       ___initconout              1009c780 f   LIBCMTD:initcon.obj
 0002:0005e7b0       ___termcon                 1009c7b0 f   LIBCMTD:initcon.obj
 0002:0005e810       __set_error_mode           1009c810 f   LIBCMTD:errmode.obj
 0002:0005e900       ___set_app_type            1009c900 f   LIBCMTD:errmode.obj
 0002:0005e920       ___get_app_type            1009c920 f   LIBCMTD:errmode.obj
 0002:0005e930       _abort                     1009c930 f   LIBCMTD:abort.obj
 0002:0005eab0       __set_abort_behavior       1009cab0 f   LIBCMTD:abort.obj
 0002:0005eaf0       __isalpha_l                1009caf0 f i LIBCMTD:_ctype.obj
 0002:0005eba0       _isalpha                   1009cba0 f i LIBCMTD:_ctype.obj
 0002:0005ebe0       __isupper_l                1009cbe0 f i LIBCMTD:_ctype.obj
 0002:0005ec80       _isupper                   1009cc80 f i LIBCMTD:_ctype.obj
 0002:0005ecc0       __islower_l                1009ccc0 f i LIBCMTD:_ctype.obj
 0002:0005ed60       _islower                   1009cd60 f i LIBCMTD:_ctype.obj
 0002:0005eda0       __isdigit_l                1009cda0 f i LIBCMTD:_ctype.obj
 0002:0005ee40       _isdigit                   1009ce40 f i LIBCMTD:_ctype.obj
 0002:0005ee80       __isxdigit_l               1009ce80 f i LIBCMTD:_ctype.obj
 0002:0005ef30       _isxdigit                  1009cf30 f i LIBCMTD:_ctype.obj
 0002:0005ef70       __isspace_l                1009cf70 f i LIBCMTD:_ctype.obj
 0002:0005f010       _isspace                   1009d010 f i LIBCMTD:_ctype.obj
 0002:0005f050       __ispunct_l                1009d050 f i LIBCMTD:_ctype.obj
 0002:0005f0f0       _ispunct                   1009d0f0 f i LIBCMTD:_ctype.obj
 0002:0005f130       __isalnum_l                1009d130 f i LIBCMTD:_ctype.obj
 0002:0005f1e0       _isalnum                   1009d1e0 f i LIBCMTD:_ctype.obj
 0002:0005f220       __isprint_l                1009d220 f i LIBCMTD:_ctype.obj
 0002:0005f2d0       _isprint                   1009d2d0 f i LIBCMTD:_ctype.obj
 0002:0005f310       __isgraph_l                1009d310 f i LIBCMTD:_ctype.obj
 0002:0005f3c0       _isgraph                   1009d3c0 f i LIBCMTD:_ctype.obj
 0002:0005f400       __iscntrl_l                1009d400 f i LIBCMTD:_ctype.obj
 0002:0005f4a0       _iscntrl                   1009d4a0 f i LIBCMTD:_ctype.obj
 0002:0005f4e0       ___isascii                 1009d4e0 f i LIBCMTD:_ctype.obj
 0002:0005f500       ___toascii                 1009d500 f i LIBCMTD:_ctype.obj
 0002:0005f510       __iscsymf_l                1009d510 f i LIBCMTD:_ctype.obj
 0002:0005f560       ___iscsymf                 1009d560 f i LIBCMTD:_ctype.obj
 0002:0005f5a0       __iscsym_l                 1009d5a0 f i LIBCMTD:_ctype.obj
 0002:0005f5f0       ___iscsym                  1009d5f0 f i LIBCMTD:_ctype.obj
 0002:0005f640       ___crtGetLocaleInfoW       1009d640 f   LIBCMTD:w_loc.obj
 0002:0005f6d0       ___crtGetLocaleInfoA       1009d6d0 f   LIBCMTD:a_loc.obj
 0002:0005f920       ___InternalCxxFrameHandler 1009d920 f   LIBCMTD:frame.obj
 0002:00060090       ??0bad_exception@std@@QAE@PBD@Z 1009e090 f i LIBCMTD:frame.obj
 0002:000600c0       ??1bad_exception@std@@UAE@XZ 1009e0c0 f i LIBCMTD:frame.obj
 0002:000600f0       ??_Ebad_exception@std@@UAEPAXI@Z 1009e0f0 f i LIBCMTD:frame.obj
 0002:000600f0       ??_Gbad_exception@std@@UAEPAXI@Z 1009e0f0 f i LIBCMTD:frame.obj
 0002:00060130       ??0bad_exception@std@@QAE@ABV01@@Z 1009e130 f i LIBCMTD:frame.obj
 0002:00060340       ___TypeMatch               1009e340 f   LIBCMTD:frame.obj
 0002:00060420       ___FrameUnwindFilter       1009e420 f   LIBCMTD:frame.obj
 0002:000604b0       ___FrameUnwindToState      1009e4b0 f   LIBCMTD:frame.obj
 0002:00060b40       ___BuildCatchObjectHelper  1009eb40 f   LIBCMTD:frame.obj
 0002:00060e50       ___BuildCatchObject        1009ee50 f   LIBCMTD:frame.obj
 0002:00060fa0       ___DestructExceptionObject 1009efa0 f   LIBCMTD:frame.obj
 0002:00061080       ___AdjustPointer           1009f080 f   LIBCMTD:frame.obj
 0002:000610e0       ?__uncaught_exception@@YA_NXZ 1009f0e0 f   LIBCMTD:frame.obj
 0002:00061100       ___CxxExceptionFilter      1009f100 f   LIBCMTD:frame.obj
 0002:00061360       ___CxxRegisterExceptionObject 1009f360 f   LIBCMTD:frame.obj
 0002:000614e0       ___CxxDetectRethrow        1009f4e0 f   LIBCMTD:frame.obj
 0002:00061590       ___CxxUnregisterExceptionObject 1009f590 f   LIBCMTD:frame.obj
 0002:00061770       ___CxxQueryExceptionSize   1009f770 f   LIBCMTD:frame.obj
 0002:00061780       ___CxxCallUnwindDtor       1009f780 f   LIBCMTD:frame.obj
 0002:00061820       ___CxxCallUnwindDelDtor    1009f820 f   LIBCMTD:frame.obj
 0002:000618c0       ___CxxCallUnwindStdDelDtor 1009f8c0 f   LIBCMTD:frame.obj
 0002:00061960       ___CxxCallUnwindVecDtor    1009f960 f   LIBCMTD:frame.obj
 0002:00061c30       ?_is_exception_typeof@@YAHABVtype_info@@PAU_EXCEPTION_POINTERS@@@Z 1009fc30 f   LIBCMTD:frame.obj
 0002:00061d40       __CallSettingFrame@12      1009fd40 f   LIBCMTD:lowhelpr.obj
 0002:00061d67       __NLG_Return               1009fd67     LIBCMTD:lowhelpr.obj
 0002:00061da0       ___ansicp                  1009fda0 f   LIBCMTD:convrtcp.obj
 0002:00061e10       ___convertcp               1009fe10 f   LIBCMTD:convrtcp.obj
 0002:000620f0       __get_daylight             100a00f0 f   LIBCMTD:timeset.obj
 0002:00062190       __get_dstbias              100a0190 f   LIBCMTD:timeset.obj
 0002:00062230       __get_timezone             100a0230 f   LIBCMTD:timeset.obj
 0002:000622d0       __get_tzname               100a02d0 f   LIBCMTD:timeset.obj
 0002:00062520       ___daylight                100a0520 f   LIBCMTD:timeset.obj
 0002:00062530       ___dstbias                 100a0530 f   LIBCMTD:timeset.obj
 0002:00062540       ___timezone                100a0540 f   LIBCMTD:timeset.obj
 0002:00062550       ___tzname                  100a0550 f   LIBCMTD:timeset.obj
 0002:00062560       ___tzset                   100a0560 f   LIBCMTD:tzset.obj
 0002:00062620       __tzset                    100a0620 f   LIBCMTD:tzset.obj
 0002:00062d30       __set_daylight             100a0d30 f i LIBCMTD:tzset.obj
 0002:00062d50       __set_dstbias              100a0d50 f i LIBCMTD:tzset.obj
 0002:00062d70       __set_timezone             100a0d70 f i LIBCMTD:tzset.obj
 0002:00062d90       __isindst                  100a0d90 f   LIBCMTD:tzset.obj
 0002:000635e0       __stricmp_l                100a15e0 f   LIBCMTD:stricmp.obj
 0002:000637f0       ___ascii_stricmp           100a17f0 f   LIBCMTD:stricmp.obj
 0002:00063880       __stricmp                  100a1880 f   LIBCMTD:stricmp.obj
 0002:000639d0       _atol                      100a19d0 f   LIBCMTD:atox.obj
 0002:000639f0       __atol_l                   100a19f0 f   LIBCMTD:atox.obj
 0002:00063a20       _atoi                      100a1a20 f   LIBCMTD:atox.obj
 0002:00063a40       __atoi_l                   100a1a40 f   LIBCMTD:atox.obj
 0002:00063a60       __atoi64                   100a1a60 f   LIBCMTD:atox.obj
 0002:00063a80       __atoi64_l                 100a1a80 f   LIBCMTD:atox.obj
 0002:00063ab0       ?_RTC_GetSrcLine@@YAHPAEPA_WKPAH1K@Z 100a1ab0 f   LIBCMTD:_pdblkup_.obj
 0002:00064070       __RTC_NumErrors            100a2070 f   LIBCMTD:_userapi_.obj
 0002:00064080       __RTC_GetErrDesc           100a2080 f   LIBCMTD:_userapi_.obj
 0002:000640a0       __RTC_SetErrorType         100a20a0 f   LIBCMTD:_userapi_.obj
 0002:000640d0       __RTC_SetErrorFunc         100a20d0 f   LIBCMTD:_userapi_.obj
 0002:00064100       __RTC_SetErrorFuncW        100a2100 f   LIBCMTD:_userapi_.obj
 0002:00064130       ?_RTC_GetErrorFunc@@YAP6AHHPBDH00ZZPBX@Z 100a2130 f   LIBCMTD:_userapi_.obj
 0002:00064140       ?_RTC_GetErrorFuncW@@YAP6AHHPB_WH00ZZPBX@Z 100a2140 f   LIBCMTD:_userapi_.obj
 0002:00064150       ___crtGetStringTypeW       100a2150 f   LIBCMTD:w_str.obj
 0002:000641f0       __woutput_s_l              100a21f0 f   LIBCMTD:woutputs.obj
 0002:00065a00       __validate_param_reuseW    100a3a00 f   LIBCMTD:woutputp.obj
 0002:00065d10       __woutput_p_l              100a3d10 f   LIBCMTD:woutputp.obj
 0002:0006a260       _fputwc                    100a8260 f   LIBCMTD:fputwc.obj
 0002:0006a3a0       __fputwc_nolock            100a83a0 f   LIBCMTD:fputwc.obj
 0002:0006a740       _putwc                     100a8740 f   LIBCMTD:fputwc.obj
 0002:0006a760       __tolower                  100a8760 f   LIBCMTD:tolower.obj
 0002:0006a770       __tolower_l                100a8770 f   LIBCMTD:tolower.obj
 0002:0006a9c0       _tolower                   100a89c0 f   LIBCMTD:tolower.obj
 0002:0006aa20       ___ascii_strnicmp          100a8a20 f   LIBCMTD:_strnicm.obj
 0002:0006aaa0       ?_ValidateRead@@YAHPBXI@Z  100a8aa0 f   LIBCMTD:validate.obj
 0002:0006aad0       ?_ValidateWrite@@YAHPAXI@Z 100a8ad0 f   LIBCMTD:validate.obj
 0002:0006ab00       ?_ValidateExecute@@YAHP6GHXZ@Z 100a8b00 f   LIBCMTD:validate.obj
 0002:0006ab30       __CxxThrowException@8      100a8b30 f   LIBCMTD:throw.obj
 0002:0006aba0       ?name@type_info@@QBEPBDPAU__type_info_node@@@Z 100a8ba0 f   LIBCMTD:typinfo.obj
 0002:0006abd0       ??1type_info@@UAE@XZ       100a8bd0 f   LIBCMTD:typinfo.obj
 0002:0006ac00       ??_Gtype_info@@UAEPAXI@Z   100a8c00 f i LIBCMTD:typinfo.obj
 0002:0006ac00       ??_Etype_info@@UAEPAXI@Z   100a8c00 f i LIBCMTD:typinfo.obj
 0002:0006ac40       ?_name_internal_method@type_info@@QBEPBDPAU__type_info_node@@@Z 100a8c40 f   LIBCMTD:typinfo.obj
 0002:0006ac70       ?_type_info_dtor_internal_method@type_info@@QAEXXZ 100a8c70 f   LIBCMTD:typinfo.obj
 0002:0006ac90       ??8type_info@@QBE_NABV0@@Z 100a8c90 f   LIBCMTD:typinfo.obj
 0002:0006acd0       ??9type_info@@QBE_NABV0@@Z 100a8cd0 f   LIBCMTD:typinfo.obj
 0002:0006ad10       ?before@type_info@@QBEHABV1@@Z 100a8d10 f   LIBCMTD:typinfo.obj
 0002:0006ad50       ?raw_name@type_info@@QBEPBDXZ 100a8d50 f   LIBCMTD:typinfo.obj
 0002:0006ad70       ??0type_info@@AAE@ABV0@@Z  100a8d70 f   LIBCMTD:typinfo.obj
 0002:0006ada0       ??4type_info@@AAEAAV0@ABV0@@Z 100a8da0 f   LIBCMTD:typinfo.obj
 0002:0006adc0       ??0exception@std@@QAE@XZ   100a8dc0 f   LIBCMTD:stdexcpt.obj
 0002:0006ae00       ??_Gexception@std@@UAEPAXI@Z 100a8e00 f i LIBCMTD:stdexcpt.obj
 0002:0006ae00       ??_Eexception@std@@UAEPAXI@Z 100a8e00 f i LIBCMTD:stdexcpt.obj
 0002:0006ae40       ??0exception@std@@QAE@ABQBD@Z 100a8e40 f   LIBCMTD:stdexcpt.obj
 0002:0006aef0       ??0exception@std@@QAE@ABQBDH@Z 100a8ef0 f   LIBCMTD:stdexcpt.obj
 0002:0006af30       ??0exception@std@@QAE@ABV01@@Z 100a8f30 f   LIBCMTD:stdexcpt.obj
 0002:0006b000       ??4exception@std@@QAEAAV01@ABV01@@Z 100a9000 f   LIBCMTD:stdexcpt.obj
 0002:0006b0d0       ??1exception@std@@UAE@XZ   100a90d0 f   LIBCMTD:stdexcpt.obj
 0002:0006b110       ?what@exception@std@@UBEPBDXZ 100a9110 f   LIBCMTD:stdexcpt.obj
 0002:0006b140       ??0bad_cast@std@@QAE@PBD@Z 100a9140 f   LIBCMTD:stdexcpt.obj
 0002:0006b170       ??_Ebad_cast@std@@UAEPAXI@Z 100a9170 f i LIBCMTD:stdexcpt.obj
 0002:0006b170       ??_Gbad_cast@std@@UAEPAXI@Z 100a9170 f i LIBCMTD:stdexcpt.obj
 0002:0006b1b0       ??0bad_cast@std@@QAE@ABV01@@Z 100a91b0 f   LIBCMTD:stdexcpt.obj
 0002:0006b1e0       ??1bad_cast@std@@UAE@XZ    100a91e0 f   LIBCMTD:stdexcpt.obj
 0002:0006b210       ??0bad_typeid@std@@QAE@PBD@Z 100a9210 f   LIBCMTD:stdexcpt.obj
 0002:0006b240       ??_Ebad_typeid@std@@UAEPAXI@Z 100a9240 f i LIBCMTD:stdexcpt.obj
 0002:0006b240       ??_Gbad_typeid@std@@UAEPAXI@Z 100a9240 f i LIBCMTD:stdexcpt.obj
 0002:0006b280       ??0bad_typeid@std@@QAE@ABV01@@Z 100a9280 f   LIBCMTD:stdexcpt.obj
 0002:0006b2b0       ??1bad_typeid@std@@UAE@XZ  100a92b0 f   LIBCMTD:stdexcpt.obj
 0002:0006b2e0       ??0__non_rtti_object@std@@QAE@PBD@Z 100a92e0 f   LIBCMTD:stdexcpt.obj
 0002:0006b310       ??_E__non_rtti_object@std@@UAEPAXI@Z 100a9310 f i LIBCMTD:stdexcpt.obj
 0002:0006b310       ??_G__non_rtti_object@std@@UAEPAXI@Z 100a9310 f i LIBCMTD:stdexcpt.obj
 0002:0006b350       ??0__non_rtti_object@std@@QAE@ABV01@@Z 100a9350 f   LIBCMTD:stdexcpt.obj
 0002:0006b380       ??1__non_rtti_object@std@@UAE@XZ 100a9380 f   LIBCMTD:stdexcpt.obj
 0002:0006b3b0       ??3@YAXPAX@Z               100a93b0 f   LIBCMTD:dbgdel.obj
 0002:0006b4d0       _getenv                    100a94d0 f   LIBCMTD:getenv.obj
 0002:0006b680       __getenv_helper_nolock     100a9680 f   LIBCMTD:getenv.obj
 0002:0006b7e0       _getenv_s                  100a97e0 f   LIBCMTD:getenv.obj
 0002:0006ba90       __dupenv_s                 100a9a90 f   LIBCMTD:getenv.obj
 0002:0006bac0       __dupenv_s_dbg             100a9ac0 f   LIBCMTD:getenv.obj
 0002:0006bda0       __strtoi64                 100a9da0 f   LIBCMTD:strtoq.obj
 0002:0006c470       __strtoi64_l               100aa470 f   LIBCMTD:strtoq.obj
 0002:0006c4a0       __strtoui64                100aa4a0 f   LIBCMTD:strtoq.obj
 0002:0006c500       __strtoui64_l              100aa500 f   LIBCMTD:strtoq.obj
 0002:0006c530       _wcstol                    100aa530 f   LIBCMTD:wcstol.obj
 0002:0006cad0       __wcstol_l                 100aaad0 f   LIBCMTD:wcstol.obj
 0002:0006cb00       _wcstoul                   100aab00 f   LIBCMTD:wcstol.obj
 0002:0006cb60       __wcstoul_l                100aab60 f   LIBCMTD:wcstol.obj
 0002:0006cb90       __flswbuf                  100aab90 f   LIBCMTD:_flswbuf.obj
 0002:0006cf20       ?_Type_info_dtor@type_info@@CAXPAV1@@Z 100aaf20 f   LIBCMTD:typname.obj
 0002:0006d070       ?_Name_base@type_info@@CAPBDPBV1@PAU__type_info_node@@@Z 100ab070 f   LIBCMTD:typname.obj
 0002:0006d280       ?_Type_info_dtor_internal@type_info@@CAXPAV1@@Z 100ab280 f   LIBCMTD:typname.obj
 0002:0006d3d0       ___unDNameHelper           100ab3d0 f   LIBCMTD:typname.obj
 0002:0006d420       ?_Name_base_internal@type_info@@CAPBDPBV1@PAU__type_info_node@@@Z 100ab420 f   LIBCMTD:typname.obj
 0002:0006d650       ___clean_type_info_names_internal 100ab650 f   LIBCMTD:typname.obj
 0002:0006d730       _strnlen                   100ab730 f   LIBCMTD:strlen_s.obj
 0002:0006d780       __mbsnbicoll_l             100ab780 f   LIBCMTD:mbsnbico.obj
 0002:0006da50       __mbsnbicoll               100aba50 f   LIBCMTD:mbsnbico.obj
 0002:0006da80       ___wtomb_environ           100aba80 f   LIBCMTD:wtombenv.obj
 0002:0006dbb0       __wchartodigit             100abbb0 f   LIBCMTD:wchtodig.obj
 0002:0006dfa0       ___unDName                 100abfa0 f   LIBCMTD:undname.obj
 0002:0006e0b0       ?Constructor@HeapManager@@QAEXP6APAXI@ZP6AXPAX@Z@Z 100ac0b0 f i LIBCMTD:undname.obj
 0002:0006e100       ?Destructor@HeapManager@@QAEXXZ 100ac100 f i LIBCMTD:undname.obj
 0002:0006e160       ___unDNameEx               100ac160 f   LIBCMTD:undname.obj
 0002:0006e270       ??0UnDecorator@@QAE@PADPBDHP6APADJ@ZK@Z 100ac270 f i LIBCMTD:undname.obj
 0002:0006e330       ??BUnDecorator@@QAEPADXZ   100ac330 f i LIBCMTD:undname.obj
 0002:0006e5f0       ?dbGetString@DName@@QBEPADXZ 100ac5f0 f   LIBCMTD:undname.obj
 0002:0006e620       ?getDecoratedName@UnDecorator@@CA?AVDName@@XZ 100ac620 f   LIBCMTD:undname.obj
 0002:0006ea00       ?getSymbolName@UnDecorator@@CA?AVDName@@XZ 100aca00 f i LIBCMTD:undname.obj
 0002:0006ea90       ?getZName@UnDecorator@@CA?AVDName@@_N0@Z 100aca90 f   LIBCMTD:undname.obj
 0002:0006ede0       ?getOperatorName@UnDecorator@@CA?AVDName@@_NPA_N@Z 100acde0 f i LIBCMTD:undname.obj
 0002:0006f9a0       ?getStringEncoding@UnDecorator@@CA?AVDName@@PADH@Z 100ad9a0 f   LIBCMTD:undname.obj
 0002:0006fae0       ?getScope@UnDecorator@@CA?AVDName@@XZ 100adae0 f   LIBCMTD:undname.obj
 0002:0006ffb0       ?getSignedDimension@UnDecorator@@CA?AVDName@@XZ 100adfb0 f   LIBCMTD:undname.obj
 0002:00070050       ?getDimension@UnDecorator@@CA?AVDName@@_N@Z 100ae050 f   LIBCMTD:undname.obj
 0002:000703b0       ?getNumberOfDimensions@UnDecorator@@CAHXZ 100ae3b0 f   LIBCMTD:undname.obj
 0002:000704f0       ?getTemplateName@UnDecorator@@CA?AVDName@@_N@Z 100ae4f0 f   LIBCMTD:undname.obj
 0002:00070720       ?getTemplateArgumentList@UnDecorator@@CA?AVDName@@XZ 100ae720 f   LIBCMTD:undname.obj
 0002:00070a40       ?getTemplateConstant@UnDecorator@@CA?AVDName@@XZ 100aea40 f   LIBCMTD:undname.obj
 0002:00070ff0       ?composeDeclaration@UnDecorator@@CA?AVDName@@ABV2@@Z 100aeff0 f i LIBCMTD:undname.obj
 0002:00072b60       ?getTypeEncoding@UnDecorator@@CAHXZ 100b0b60 f i LIBCMTD:undname.obj
[...]
 0004:00000228       ___nullstring              100d4228     LIBCMTD:output.obj
 0004:0000022c       ___wnullstring             100d422c     LIBCMTD:output.obj
 0004:00000238       ___flsindex                100d4238     LIBCMTD:tidtable.obj
 0004:0000023c       ___getvalueindex           100d423c     LIBCMTD:tidtable.obj
 0004:00000248       __sys_errlist              100d4248     LIBCMTD:syserr.obj
 0004:000002f8       __sys_nerr                 100d42f8     LIBCMTD:syserr.obj
 0004:00000320       __iob                      100d4320     LIBCMTD:_file.obj
 0004:00000620       ___security_cookie         100d4620     LIBCMTD:gs_cookie.obj
 0004:00000624       ___security_cookie_complement 100d4624     LIBCMTD:gs_cookie.obj
 0004:00000628       __lookuptrailbytes         100d4628     LIBCMTD:read.obj
 0004:00000760       ___badioinfo               100d4760     LIBCMTD:ioinit.obj
 0004:000007ac       __aexit_rtn                100d47ac     LIBCMTD:crt0dat.obj
 0004:000007b0       __amblksiz                 100d47b0     LIBCMTD:heapinit.obj
 0004:000007b4       __First_FPE_Indx           100d47b4     LIBCMTD:winxfltr.obj
 0004:000007b8       __Num_FPE                  100d47b8     LIBCMTD:winxfltr.obj
 0004:000007bc       __XcptActTabSize           100d47bc     LIBCMTD:winxfltr.obj
 0004:000007c0       __XcptActTabCount          100d47c0     LIBCMTD:winxfltr.obj
 0004:00000928       __pfnAllocHook             100d4928     LIBCMTD:dbghook.obj
 0004:00000930       ___initialmbcinfo          100d4930     LIBCMTD:mbctype.obj
 0004:00000b50       __mbctype                  100d4b50     LIBCMTD:mbctype.obj
 0004:00000c58       __mbcasemap                100d4c58     LIBCMTD:mbctype.obj
 0004:00000d58       ___ptmbcinfo               100d4d58     LIBCMTD:mbctype.obj
 0004:00000f5c       ___globallocalestatus      100d4f5c     LIBCMTD:glstatus.obj
 0004:00000f60       ___clocalestr              100d4f60     LIBCMTD:nlsdata2.obj
 0004:00000f68       ___initiallocinfo          100d4f68     LIBCMTD:nlsdata2.obj
 0004:00001040       ___ptlocinfo               100d5040     LIBCMTD:nlsdata2.obj
 0004:00001044       ___lc_clike                100d5044     LIBCMTD:nlsdata2.obj
 0004:00001048       ___initiallocalestructinfo 100d5048     LIBCMTD:nlsdata2.obj
 0004:00001084       __cfltcvt_tab              100d5084     LIBCMTD:cmiscdat.obj
 0004:000010c0       __crtAssertBusy            100d50c0     LIBCMTD:dbgrptt.obj
 0004:000010c4       __CrtDbgMode               100d50c4     LIBCMTD:dbgrptt.obj
 0004:000010d0       __CrtDbgFile               100d50d0     LIBCMTD:dbgrptt.obj
 0004:000010e4       __NLG_Destination          100d50e4     LIBCMTD:exsup.obj
 0004:000011e0       __pctype                   100d51e0     LIBCMTD:ctype.obj
 0004:000011e4       __pwctype                  100d51e4     LIBCMTD:ctype.obj
 0004:000011f0       ___lc_time_c               100d51f0     LIBCMTD:strftime.obj
 0004:000012cc       ___lc_time_curr            100d52cc     LIBCMTD:strftime.obj
 0004:000012d0       ___lconv_static_decimal    100d52d0     LIBCMTD:lconv.obj
 0004:000012d4       ___lconv_c                 100d52d4     LIBCMTD:lconv.obj
 0004:00001304       ___lconv                   100d5304     LIBCMTD:lconv.obj
 0004:00001314       ___mb_cur_max              100d5314     LIBCMTD:nlsdata1.obj
 0004:00001318       ___decimal_point           100d5318     LIBCMTD:nlsdata1.obj
 0004:0000131c       ___decimal_point_length    100d531c     LIBCMTD:nlsdata1.obj
 0004:00001330       ?_RTC_ErrorLevels@@3PAHA   100d5330     LIBCMTD:_error_.obj
 0004:00001348       __coninpfh                 100d5348     LIBCMTD:initcon.obj
 0004:0000134c       __confh                    100d534c     LIBCMTD:initcon.obj
 0004:00001354       ___abort_behavior          100d5354     LIBCMTD:abort.obj
 0004:0000135c       ??_R0?AVbad_exception@std@@@8 100d535c     LIBCMTD:frame.obj
 0004:00001384       ??_R0?AVexception@std@@@8  100d5384     LIBCMTD:frame.obj
 0004:000013b0       __timezone                 100d53b0     LIBCMTD:timeset.obj
 0004:000013b4       __daylight                 100d53b4     LIBCMTD:timeset.obj
 0004:000013b8       __dstbias                  100d53b8     LIBCMTD:timeset.obj
 0004:00001440       __tzname                   100d5440     LIBCMTD:timeset.obj
 0004:00001494       ??_R0?AVtype_info@@@8      100d5494     LIBCMTD:typinfo.obj
 0004:000014b4       ??_R0?AVbad_cast@std@@@8   100d54b4     LIBCMTD:stdexcpt.obj
 0004:000014d4       ??_R0?AVbad_typeid@std@@@8 100d54d4     LIBCMTD:stdexcpt.obj
 0004:000014f8       ??_R0?AV__non_rtti_object@std@@@8 100d54f8     LIBCMTD:stdexcpt.obj
 0004:00001524       __lpdays                   100d5524     LIBCMTD:days.obj
 0004:00001558       __days                     100d5558     LIBCMTD:days.obj
 0004:00001708       __aenvptr                  100d5708     LIBCMTD:dllcrt0.obj
 0004:0000170c       __wenvptr                  100d570c     LIBCMTD:dllcrt0.obj
 0004:00001710       ___error_mode              100d5710     LIBCMTD:dllcrt0.obj
 0004:00001714       ___app_type                100d5714     LIBCMTD:dllcrt0.obj
 0004:00001730       ?_pfnDumpClient@@3P6AXPAXI@ZA 100d5730     LIBCMTD:dbgheap.obj
 0004:00001738       ___crtDebugCheckCount      100d5738     LIBCMTD:dbgheap.obj
 0004:00001748       __newmode                  100d5748     LIBCMTD:_newmode.obj
 0004:0000174c       ___pInvalidArgHandler      100d574c     LIBCMTD:invarg.obj
 0004:00001750       _gpFlsAlloc                100d5750     LIBCMTD:tidtable.obj
 0004:00001754       _gpFlsGetValue             100d5754     LIBCMTD:tidtable.obj
 0004:00001758       _gpFlsSetValue             100d5758     LIBCMTD:tidtable.obj
 0004:0000175c       _gpFlsFree                 100d575c     LIBCMTD:tidtable.obj
 0004:00001764       __cflush                   100d5764     LIBCMTD:_file.obj
 0004:00001768       __umaskval                 100d5768     LIBCMTD:crt0dat.obj
 0004:0000176c       ___argc                    100d576c     LIBCMTD:crt0dat.obj
 0004:00001770       ___argv                    100d5770     LIBCMTD:crt0dat.obj
 0004:00001774       ___wargv                   100d5774     LIBCMTD:crt0dat.obj
 0004:00001778       __environ                  100d5778     LIBCMTD:crt0dat.obj
 0004:0000177c       ___initenv                 100d577c     LIBCMTD:crt0dat.obj
 0004:00001780       __wenviron                 100d5780     LIBCMTD:crt0dat.obj
 0004:00001784       ___winitenv                100d5784     LIBCMTD:crt0dat.obj
 0004:00001788       __pgmptr                   100d5788     LIBCMTD:crt0dat.obj
 0004:0000178c       __wpgmptr                  100d578c     LIBCMTD:crt0dat.obj
 0004:00001790       __exitflag                 100d5790     LIBCMTD:crt0dat.obj
 0004:00001794       __C_Termination_Done       100d5794     LIBCMTD:crt0dat.obj
 0004:00001798       __C_Exit_Done              100d5798     LIBCMTD:crt0dat.obj
 0004:000018f0       __crtheap                  100d58f0     LIBCMTD:heapinit.obj
 0004:000018f4       ?_pnhHeap@@3P6AHI@ZA       100d58f4     LIBCMTD:handler.obj
 0004:00001ab4       ___sbh_pHeaderDefer        100d5ab4     LIBCMTD:sbheap.obj
 0004:00001abc       ___mbulinfo                100d5abc     LIBCMTD:mbctype.obj
 0004:00001ac8       ___mbcodepage              100d5ac8     LIBCMTD:mbctype.obj
 0004:00001acc       ___ismbcodepage            100d5acc     LIBCMTD:mbctype.obj
 0004:00001ad0       ___mblcid                  100d5ad0     LIBCMTD:mbctype.obj
 0004:00001adc       ___locale_changed          100d5adc     LIBCMTD:setlocal.obj
 0004:00001ae0       ___lc_handle               100d5ae0     LIBCMTD:nlsdata2.obj
 0004:00001af8       ___lc_codepage             100d5af8     LIBCMTD:nlsdata2.obj
 0004:00001afc       ___lc_collate_cp           100d5afc     LIBCMTD:nlsdata2.obj
 0004:00001b3c       __commode                  100d5b3c     LIBCMTD:ncommode.obj
 0004:000022c4       ?__pInconsistency@@3P6AXXZA 100d62c4     LIBCMTD:hooks.obj
 0004:000022d4       ___pPurecall               100d62d4     LIBCMTD:inithelp.obj
 0004:000022fc       ___lconv_static_null       100d62fc     LIBCMTD:lconv.obj
 0004:00002300       ?wsprintffp@@3P6AHPADPBDZZA 100d6300     LIBCMTD:_error_.obj
 0004:00002304       __stdbuf                   100d6304     LIBCMTD:_sftbuf.obj
 0004:0000240c       __fmode                    100d640c     LIBCMTD:txtmode.obj
 0004:00002430       ?pArgList@UnDecorator@@0PAVReplicator@@A 100d6430     LIBCMTD:undname.obj
 0004:00002434       ?pZNameList@UnDecorator@@0PAVReplicator@@A 100d6434     LIBCMTD:undname.obj
 0004:00002438       ?pTemplateArgList@UnDecorator@@0PAVReplicator@@A 100d6438     LIBCMTD:undname.obj
 0004:0000243c       ?gName@UnDecorator@@0PBDB  100d643c     LIBCMTD:undname.obj
 0004:00002440       ?name@UnDecorator@@0PBDB   100d6440     LIBCMTD:undname.obj
 0004:00002444       ?outputString@UnDecorator@@0PADA 100d6444     LIBCMTD:undname.obj
 0004:00002448       ?maxStringLength@UnDecorator@@0HA 100d6448     LIBCMTD:undname.obj
 0004:0000244c       ?disableFlags@UnDecorator@@0KA 100d644c     LIBCMTD:undname.obj
 0004:00002450       ?m_pGetParameter@UnDecorator@@0P6APADJ@ZA 100d6450     LIBCMTD:undname.obj
 0004:00002454       ?fExplicitTemplateParams@UnDecorator@@0_NA 100d6454     LIBCMTD:undname.obj
 0004:00002455       ?fGetTemplateArgumentList@UnDecorator@@0_NA 100d6455     LIBCMTD:undname.obj
 0004:000024c8       ?nodes@?1??make@DNameStatusNode@@SAPAV2@W4DNameStatus@@@Z@4PAV2@A 100d64c8     LIBCMTD:undname.obj
 0004:00002504       ??_B?1??make@DNameStatusNode@@SAPAV1@W4DNameStatus@@@Z@51 100d6504     LIBCMTD:undname.obj
 0004:0000250c       __pfnReportHook            100d650c     <common>
 0004:0000251c       __pReportHookListW         100d651c     <common>
 0004:00002520       __pReportHookList          100d6520     <common>
 0004:00002524       ___setlc_active            100d6524     <common>
 0004:00002534       ___unguarded_readlc_active 100d6534     <common>
 0004:00002538       ___sbh_initialized         100d6538     <common>
 0004:0000254c       ___sbh_cntHeaderList       100d654c     <common>
 0004:00002550       ___sbh_pHeaderList         100d6550     <common>
 0004:00002554       ___sbh_threshold           100d6554     <common>
 0004:00002558       ___sbh_pHeaderScan         100d6558     <common>
 0004:0000255c       ___sbh_sizeHeaderList      100d655c     <common>
 0004:00002560       ___sbh_indGroupDefer       100d6560     <common>
 0004:00002564       __debugger_hook_dummy      100d6564     <common>
 0004:00002570       ___active_heap             100d6570     <common>
 0004:0000257c       ___env_initialized         100d657c     <common>
 0004:0000258c       ___onexitend               100d658c     <common>
 0004:00002590       ___onexitbegin             100d6590     <common>
 0004:00002594       ___mbctype_initialized     100d6594     <common>
 0004:00002598       __FPinit                   100d6598     <common>
 0004:0000259c       ___dyn_tls_init_callback   100d659c     <common>
 0004:000025a0       __nhandle                  100d65a0     <common>
 0004:000025e0       ___pioinfo                 100d65e0     <common>
 0004:000026e0       ___piob                    100d66e0     <common>
 0004:00002a20       __bufin                    100d6a20     <common>
 0004:00003a20       __nstream                  100d7a20     <common>
 0004:00003a24       ___sse2_available          100d7a24     <common>
 0004:00003a30       __acmdln                   100d7a30     <common>
 0005:00000000       __IMPORT_DESCRIPTOR_KERNEL32 100d8000     kernel32:KERNEL32.dll
 0005:00000014       __NULL_IMPORT_DESCRIPTOR   100d8014     kernel32:KERNEL32.dll
 0005:00000224       __imp__CreateFileA@28      100d8224     kernel32:KERNEL32.dll
 0005:00000228       __imp__CloseHandle@4       100d8228     kernel32:KERNEL32.dll
 0005:0000022c       __imp__CreateFileW@28      100d822c     kernel32:KERNEL32.dll
 0005:00000230       __imp__GetLastError@0      100d8230     kernel32:KERNEL32.dll
 0005:00000234       __imp__ReadFile@20         100d8234     kernel32:KERNEL32.dll
 0005:00000238       __imp__WriteFile@20        100d8238     kernel32:KERNEL32.dll
 0005:0000023c       __imp__SetFilePointer@16   100d823c     kernel32:KERNEL32.dll
 0005:00000240       __imp__GetSystemTimeAsFileTime@4 100d8240     kernel32:KERNEL32.dll
 0005:00000244       __imp__GetCurrentThreadId@0 100d8244     kernel32:KERNEL32.dll
 0005:00000248       __imp__GetCommandLineA@0   100d8248     kernel32:KERNEL32.dll
 0005:0000024c       __imp__HeapValidate@12     100d824c     kernel32:KERNEL32.dll
 0005:00000250       __imp__IsBadReadPtr@8      100d8250     kernel32:KERNEL32.dll
 0005:00000254       __imp__TerminateProcess@8  100d8254     kernel32:KERNEL32.dll
 0005:00000258       __imp__GetCurrentProcess@0 100d8258     kernel32:KERNEL32.dll
 0005:0000025c       __imp__UnhandledExceptionFilter@4 100d825c     kernel32:KERNEL32.dll
 0005:00000260       __imp__SetUnhandledExceptionFilter@4 100d8260     kernel32:KERNEL32.dll
 0005:00000264       __imp__IsDebuggerPresent@0 100d8264     kernel32:KERNEL32.dll
 0005:00000268       __imp__GetModuleFileNameW@12 100d8268     kernel32:KERNEL32.dll
 0005:0000026c       __imp__GetProcAddress@8    100d826c     kernel32:KERNEL32.dll
 0005:00000270       __imp__TlsGetValue@4       100d8270     kernel32:KERNEL32.dll
 0005:00000274       __imp__GetModuleHandleW@4  100d8274     kernel32:KERNEL32.dll
 0005:00000278       __imp__TlsAlloc@0          100d8278     kernel32:KERNEL32.dll
 0005:0000027c       __imp__TlsSetValue@8       100d827c     kernel32:KERNEL32.dll
 0005:00000280       __imp__TlsFree@4           100d8280     kernel32:KERNEL32.dll
 0005:00000284       __imp__InterlockedIncrement@4 100d8284     kernel32:KERNEL32.dll
 0005:00000288       __imp__SetLastError@4      100d8288     kernel32:KERNEL32.dll
 0005:0000028c       __imp__InterlockedDecrement@4 100d828c     kernel32:KERNEL32.dll
 0005:00000290       __imp__GetCurrentThread@0  100d8290     kernel32:KERNEL32.dll
 0005:00000294       __imp__EnterCriticalSection@4 100d8294     kernel32:KERNEL32.dll
 0005:00000298       __imp__LeaveCriticalSection@4 100d8298     kernel32:KERNEL32.dll
 0005:0000029c       __imp__RtlUnwind@16        100d829c     kernel32:KERNEL32.dll
 0005:000002a0       __imp__MultiByteToWideChar@24 100d82a0     kernel32:KERNEL32.dll
 0005:000002a4       __imp__WideCharToMultiByte@32 100d82a4     kernel32:KERNEL32.dll
 0005:000002a8       __imp__GetConsoleCP@0      100d82a8     kernel32:KERNEL32.dll
 0005:000002ac       __imp__GetConsoleMode@8    100d82ac     kernel32:KERNEL32.dll
 0005:000002b0       __imp__SetHandleCount@4    100d82b0     kernel32:KERNEL32.dll
 0005:000002b4       __imp__GetStdHandle@4      100d82b4     kernel32:KERNEL32.dll
 0005:000002b8       __imp__GetFileType@4       100d82b8     kernel32:KERNEL32.dll
 0005:000002bc       __imp__GetStartupInfoA@4   100d82bc     kernel32:KERNEL32.dll
 0005:000002c0       __imp__DeleteCriticalSection@4 100d82c0     kernel32:KERNEL32.dll
 0005:000002c4       __imp__Sleep@4             100d82c4     kernel32:KERNEL32.dll
 0005:000002c8       __imp__ExitProcess@4       100d82c8     kernel32:KERNEL32.dll
 0005:000002cc       __imp__GetModuleFileNameA@12 100d82cc     kernel32:KERNEL32.dll
 0005:000002d0       __imp__FreeEnvironmentStringsA@4 100d82d0     kernel32:KERNEL32.dll
 0005:000002d4       __imp__GetEnvironmentStrings@0 100d82d4     kernel32:KERNEL32.dll
 0005:000002d8       __imp__FreeEnvironmentStringsW@4 100d82d8     kernel32:KERNEL32.dll
 0005:000002dc       __imp__GetEnvironmentStringsW@0 100d82dc     kernel32:KERNEL32.dll
 0005:000002e0       __imp__HeapDestroy@4       100d82e0     kernel32:KERNEL32.dll
 0005:000002e4       __imp__HeapCreate@12       100d82e4     kernel32:KERNEL32.dll
 0005:000002e8       __imp__HeapFree@12         100d82e8     kernel32:KERNEL32.dll
 0005:000002ec       __imp__VirtualFree@12      100d82ec     kernel32:KERNEL32.dll
 0005:000002f0       __imp__QueryPerformanceCounter@4 100d82f0     kernel32:KERNEL32.dll
 0005:000002f4       __imp__GetTickCount@0      100d82f4     kernel32:KERNEL32.dll
 0005:000002f8       __imp__GetCurrentProcessId@0 100d82f8     kernel32:KERNEL32.dll
 0005:000002fc       __imp__FatalAppExitA@8     100d82fc     kernel32:KERNEL32.dll
 0005:00000300       __imp__HeapAlloc@12        100d8300     kernel32:KERNEL32.dll
 0005:00000304       __imp__HeapSize@12         100d8304     kernel32:KERNEL32.dll
 0005:00000308       __imp__HeapReAlloc@16      100d8308     kernel32:KERNEL32.dll
 0005:0000030c       __imp__VirtualAlloc@16     100d830c     kernel32:KERNEL32.dll
 0005:00000310       __imp__GetACP@0            100d8310     kernel32:KERNEL32.dll
 0005:00000314       __imp__GetOEMCP@0          100d8314     kernel32:KERNEL32.dll
 0005:00000318       __imp__GetCPInfo@8         100d8318     kernel32:KERNEL32.dll
 0005:0000031c       __imp__IsValidCodePage@4   100d831c     kernel32:KERNEL32.dll
 0005:00000320       __imp__DebugBreak@0        100d8320     kernel32:KERNEL32.dll
 0005:00000324       __imp__OutputDebugStringA@4 100d8324     kernel32:KERNEL32.dll
 0005:00000328       __imp__WriteConsoleW@20    100d8328     kernel32:KERNEL32.dll
 0005:0000032c       __imp__OutputDebugStringW@4 100d832c     kernel32:KERNEL32.dll
 0005:00000330       __imp__SetConsoleCtrlHandler@8 100d8330     kernel32:KERNEL32.dll
 0005:00000334       __imp__LoadLibraryW@4      100d8334     kernel32:KERNEL32.dll
 0005:00000338       __imp__InitializeCriticalSectionAndSpinCount@8 100d8338     kernel32:KERNEL32.dll
 0005:0000033c       __imp__SetStdHandle@8      100d833c     kernel32:KERNEL32.dll
 0005:00000340       __imp__WriteConsoleA@20    100d8340     kernel32:KERNEL32.dll
 0005:00000344       __imp__GetConsoleOutputCP@0 100d8344     kernel32:KERNEL32.dll
 0005:00000348       __imp__FlushFileBuffers@4  100d8348     kernel32:KERNEL32.dll
 0005:0000034c       __imp__FreeLibrary@4       100d834c     kernel32:KERNEL32.dll
 0005:00000350       __imp__InterlockedExchange@8 100d8350     kernel32:KERNEL32.dll
 0005:00000354       __imp__LoadLibraryA@4      100d8354     kernel32:KERNEL32.dll
 0005:00000358       __imp__LCMapStringA@24     100d8358     kernel32:KERNEL32.dll
 0005:0000035c       __imp__LCMapStringW@24     100d835c     kernel32:KERNEL32.dll
 0005:00000360       __imp__GetStringTypeA@20   100d8360     kernel32:KERNEL32.dll
 0005:00000364       __imp__GetStringTypeW@16   100d8364     kernel32:KERNEL32.dll
 0005:00000368       __imp__GetTimeFormatA@24   100d8368     kernel32:KERNEL32.dll
 0005:0000036c       __imp__GetDateFormatA@24   100d836c     kernel32:KERNEL32.dll
 0005:00000370       __imp__GetLocaleInfoA@16   100d8370     kernel32:KERNEL32.dll
 0005:00000374       __imp__IsValidLocale@8     100d8374     kernel32:KERNEL32.dll
 0005:00000378       __imp__EnumSystemLocalesA@8 100d8378     kernel32:KERNEL32.dll
 0005:0000037c       __imp__GetUserDefaultLCID@0 100d837c     kernel32:KERNEL32.dll
 0005:00000380       __imp__RaiseException@16   100d8380     kernel32:KERNEL32.dll
 0005:00000384       __imp__lstrlenA@4          100d8384     kernel32:KERNEL32.dll
 0005:00000388       __imp__SetEndOfFile@4      100d8388     kernel32:KERNEL32.dll
 0005:0000038c       __imp__GetProcessHeap@0    100d838c     kernel32:KERNEL32.dll
 0005:00000390       __imp__GetLocaleInfoW@16   100d8390     kernel32:KERNEL32.dll
 0005:00000394       __imp__GetTimeZoneInformation@4 100d8394     kernel32:KERNEL32.dll
 0005:00000398       __imp__VirtualQuery@12     100d8398     kernel32:KERNEL32.dll
 0005:0000039c       __imp__CompareStringA@24   100d839c     kernel32:KERNEL32.dll
 0005:000003a0       __imp__CompareStringW@24   100d83a0     kernel32:KERNEL32.dll
 0005:000003a4       __imp__SetEnvironmentVariableA@8 100d83a4     kernel32:KERNEL32.dll
 0005:000003a8       \177KERNEL32_NULL_THUNK_DATA 100d83a8     kernel32:KERNEL32.dll

 entry point at        0002:00000ca8

